 Monopoly

 Timestamp is 37dff947 (Wed Sep 15 15:53:43 1999)

 Preferred load address is 00400000

 Start         Length     Name                   Class
 0001:00000000 0010700cH .text                   CODE
 0001:00107010 00000356H .text$x                 CODE
 0002:00000000 00004ccdH .rdata                  DATA
 0002:00004cd0 00000448H .xdata$x                DATA
 0002:00005118 00000000H .edata                  DATA
 0003:00000000 00000004H .CRT$XCA                DATA
 0003:00000004 0000016cH .CRT$XCU                DATA
 0003:00000170 00000004H .CRT$XCZ                DATA
 0003:00000174 00000004H .CRT$XIA                DATA
 0003:00000178 0000000cH .CRT$XIC                DATA
 0003:00000184 00000004H .CRT$XIY                DATA
 0003:00000188 00000004H .CRT$XIZ                DATA
 0003:0000018c 00000004H .CRT$XPA                DATA
 0003:00000190 00000004H .CRT$XPX                DATA
 0003:00000194 00000004H .CRT$XPZ                DATA
 0003:00000198 00000004H .CRT$XTA                DATA
 0003:0000019c 00000004H .CRT$XTB                DATA
 0003:000001a0 00000004H .CRT$XTZ                DATA
 0003:000001b0 00042b54H .data                   DATA
 0003:00042d08 00149a1cH .bss                    DATA
 0004:00000000 00000104H .idata$2                DATA
 0004:00000104 00000014H .idata$3                DATA
 0004:00000118 00000464H .idata$4                DATA
 0004:0000057c 00000464H .idata$5                DATA
 0004:000009e0 00001274H .idata$6                DATA
 0005:00000000 00000280H .rsrc$01                DATA
 0005:00000280 00001610H .rsrc$02                DATA

  Address         Publics by Value              Rva+Base     Lib:Object

 0001:00000000       ?AI_InitializeSystem@@YAHXZ 00401000 f   Ai.obj
 0001:0000004e       ?AI_Initialize_Global@@YAXXZ 0040104e f   Ai.obj
 0001:000000a1       ?AI_Initialize_Test@@YAXXZ 004010a1 f   Ai.obj
 0001:0000012d       ?AI_CleanAndRemoveSystem@@YAXXZ 0040112d f   Ai.obj
 0001:00000132       ?AI_Reset_Player_Records@@YAXXZ 00401132 f   Ai.obj
 0001:0000015f       ?AI_Choose_Unmortgage_For_Free@@YAXEK@Z 0040115f f   Ai.obj
 0001:00000285       ?AI_Unmortgage_Property@@YAHPAURULE_GameStateStruct@@EHH@Z 00401285 f   Ai.obj
 0001:00000651       ?AI_Give_List_Players_Important_Monopoly@@YAHPAURULE_GameStateStruct@@HPAE11HHHHPAH@Z 00401651 f   Ai.obj
 0001:000008a8       ?AI_Give_Players_Important_Monopoly@@YAHPAURULE_GameStateStruct@@HEE@Z 004018a8 f   Ai.obj
 0001:00000b9f       ?AI_Move_AI_Player@@YAXE@Z 00401b9f f   Ai.obj
 0001:00000c74       ?AI_Done_Turn_AI_Player@@YAXE@Z 00401c74 f   Ai.obj
 0001:00000d33       ?AI_Should_Unmortgage_Property@@YAHPAURULE_GameStateStruct@@E@Z 00401d33 f   Ai.obj
 0001:00000e7b       ?AI_Roll_Dice@@YAXE@Z      00401e7b f   Ai.obj
 0001:00000e9e       ?AI_Done_Turn@@YAXE@Z      00401e9e f   Ai.obj
 0001:00000ec1       ?AI_Should_Buy_House@@YAHPAURULE_GameStateStruct@@E@Z 00401ec1 f   Ai.obj
 0001:000010e9       ?AI_Unmortgage_Monopoly@@YAHPAURULE_GameStateStruct@@EH@Z 004020e9 f   Ai.obj
 0001:0000115f       ?AI_Buy_Houses@@YAHPAURULE_GameStateStruct@@EH@Z 0040215f f   Ai.obj
 0001:00001961       ?AI_Hypothetical_Buy_Houses@@YAHPAURULE_GameStateStruct@@E@Z 00402961 f   Ai.obj
 0001:00001d32       ?AI_Pay_Debt@@YAXEEJJ@Z    00402d32 f   Ai.obj
 0001:00001ec2       ?AI_Process_AIs@@YAXXZ     00402ec2 f   Ai.obj
 0001:000022e1       ?AI_Spend_Excess_Assets@@YAHPAURULE_GameStateStruct@@E@Z 004032e1 f   Ai.obj
 0001:0000247b       ?AI_Should_Pause@@YAHPAURULE_GameStateStruct@@HE@Z 0040347b f   Ai.obj
 0001:0000250f       ?AI_SendAction@@YAHHEEJJJJPAGIPAX@Z 0040350f f   Ai.obj
 0001:000029bc       ?AI_Get_Random_Action_Wait@@YAHHE@Z 004039bc f   Ai.obj
 0001:00002a71       ?AI_Excess_Cash_Available@@YAJPAURULE_GameStateStruct@@EH@Z 00403a71 f   Ai.obj
 0001:00002d70       ?AI_Get_Total_Worth_With_Factors@@YAJPAURULE_GameStateStruct@@EE@Z 00403d70 f   Ai.obj
 0001:00002f04       ?AI_Mortgage_Worst_Property@@YAHPAURULE_GameStateStruct@@EHHH@Z 00403f04 f   Ai.obj
 0001:00003245       ?AI_Test_Sell_Houses@@YAXPAURULE_GameStateStruct@@PAHHH@Z 00404245 f   Ai.obj
 0001:0000340f       ?AI_Sell_Houses@@YAXPAURULE_GameStateStruct@@EHH@Z 0040440f f   Ai.obj
 0001:00003574       ?AI_Buy_Or_Auction@@YAXEHJ@Z 00404574 f   Ai.obj
 0001:000035da       ?AI_Should_Buy_Property@@YAHPAURULE_GameStateStruct@@EH@Z 004045da f   Ai.obj
 0001:000039de       ?AI_Have_Monopoly_Trade@@YAHPAURULE_GameStateStruct@@EE@Z 004049de f   Ai.obj
 0001:00003acb       ?AI_Choose_Tax_Decision@@YAXE@Z 00404acb f   Ai.obj
 0001:00003b36       ?AI_Choose_Exit_Choice@@YAXEHHH@Z 00404b36 f   Ai.obj
 0001:00003dbb       ?AI_Send_Config_Accepts@@YAXPAURULE_ActionArgumentsStruct@@@Z 00404dbb f   Ai.obj
 0001:00003f9b       ?AI_Picked_Up_Card@@YAXE@Z 00404f9b f   Ai.obj
 0001:00003fbe       ?AI_Resend_State@@YAXE@Z   00404fbe f   Ai.obj
 0001:00003fe1       ?AI_Choose_Trade_Acceptance@@YAXE@Z 00404fe1 f   Ai.obj
 0001:000042ba       ?AI_Load_Save_Parameters@@YAXPAURULE_ActionArgumentsStruct@@@Z 004052ba f   Ai.obj
 0001:00004318       ?AI_Send_Save_Parameters@@YAXE@Z 00405318 f   Ai.obj
 0001:0000446b       ?AI_Send_Housing_Shortage_Purchase_Requests@@YAXEJE@Z 0040546b f   Ai.obj
 0001:00004533       ?AI_Trap_Trade_Message@@YAXPAURULE_ActionArgumentsStruct@@@Z 00405533 f   Ai.obj
 0001:00004598       ?AI_Player_Accepted_Rejected_Trade@@YAXEEH@Z 00405598 f   Ai.obj
 0001:0000482e       ?AI_Trap_Other_Errors@@YAXPAURULE_ActionArgumentsStruct@@@Z 0040582e f   Ai.obj
 0001:000048a4       ?AI_Get_Trade_Bid_For_Property@@YAJPAURULE_GameStateStruct@@EHJE@Z 004058a4 f   Ai.obj
 0001:00004c63       ?AI_Get_Bid_For_Property@@YAJPAURULE_GameStateStruct@@EHJE@Z 00405c63 f   Ai.obj
 0001:000050a7       ?AI_Resync_Client@@YAXXZ   004060a7 f   Ai.obj
 0001:000050b1       ?AI_Bid_In_Auction@@YAHPAURULE_GameStateStruct@@@Z 004060b1 f   Ai.obj
 0001:000051df       ?AI_Is_Paying_Fee@@YAHPAURULE_GameStateStruct@@E@Z 004061df f   Ai.obj
 0001:00005246       ?AI_Process_AIs_At_Start_Turn@@YAXXZ 00406246 f   Ai.obj
 0001:0000545a       ?AI_Finish_Trade@@YAXXZ    0040645a f   Ai.obj
 0001:000054bd       ?AI_Process_BuySellMort@@YAXE@Z 004064bd f   Ai.obj
 0001:00005770       ?AI_Process_Action_Completed@@YAXPAURULE_ActionArgumentsStruct@@@Z 00406770 f   Ai.obj
 0001:00005a42       ?AI_ProcessMessage@@YAXPAURULE_ActionArgumentsStruct@@@Z 00406a42 f   Ai.obj
 0001:000062d4       ?AI_Send_Text_Message@@YAXKEE@Z 004072d4 f   Ai.obj
 0001:0000643b       ?AI_Send_Message@@YAXHEE@Z 0040743b f   Ai.obj
 0001:000064b2       ?AI_Toggle_AI_Info@@YAXH@Z 004074b2 f   Ai.obj
 0001:000064b7       ?AIInfoBoxMsgProcessor@@YGHPAUHWND__@@IIJ@Z 004074b7 f   Ai.obj
 0001:000064c0       ?AI_Show_AI_Info_Box@@YAXXZ 004074c0 f   Ai.obj
 0001:000064c5       ?AI_Player_Won@@YAXE@Z     004074c5 f   Ai.obj
 0001:00006c04       ?AI_Test_Add_Players@@YAXXZ 00407c04 f   Ai.obj
 0001:00006d10       ??0Matrix@@QAE@W4MATRIXTYPE@0@@Z 00407d10 f i Ai.obj
 0001:00006d50       ??0_D3DMATRIX@@QAE@XZ      00407d50 f i Ai.obj
 0001:00006d60       ?Zero@Matrix@@QAEXXZ       00407d60 f i Ai.obj
 0001:00006d80       ?Identity@Matrix@@QAEXXZ   00407d80 f i Ai.obj
 0001:00006da0       ?AI_Load_AI@@YAHEHH@Z      00407da0 f   Ai_load.obj
 0001:00006dc0       ?AI_Load_AI_File@@YAHPAGEH@Z 00407dc0 f   Ai_load.obj
 0001:00007974       ?AI_Get_Attribute@@YAHPAD@Z 00408974 f   Ai_load.obj
 0001:000079bb       ?AI_Get_Drone_Config@@YAHPAD@Z 004089bb f   Ai_load.obj
 0001:00007a02       ?AI_Get_User_Filename@@YAHPAD@Z 00408a02 f   Ai_load.obj
 0001:00007a81       ?AI_Initialize_Loading@@YAXXZ 00408a81 f   Ai_load.obj
 0001:00007a86       ?AI_Load_Drone_Mode_Configs@@YAHPAG@Z 00408a86 f   Ai_load.obj
 0001:00007dd0       ?AI_Propose_Trade@@YAHPAURULE_GameStateStruct@@EHE@Z 00408dd0 f   Ai_trade.obj
 0001:000082e9       ?AI_Find_Smallest_Monopoly_Trade@@YAHEKPAEHPAK@Z 004092e9 f   Ai_trade.obj
 0001:00008466       ?AI_Trade_Monopoly@@YAHPAURULE_GameStateStruct@@EHPAMPAEHPAKH@Z 00409466 f   Ai_trade.obj
 0001:00008670       ?AI_Give_Monopoly_For_Cash@@YAHPAURULE_GameStateStruct@@EEPAK@Z 00409670 f   Ai_trade.obj
 0001:0000882a       ?AI_Trade_Add_Type_Property@@YAHPAURULE_GameStateStruct@@EEHPAUAI_Trade_ListStruct@@PAK@Z 0040982a f   Ai_trade.obj
 0001:00008970       ?AI_Add_Trade_Monopoly@@YAHPAURULE_GameStateStruct@@EPAKHPAUAI_Trade_ListStruct@@@Z 00409970 f   Ai_trade.obj
 0001:00008af6       ?AI_Order_Monopoly_Importance@@YAXJPAHH@Z 00409af6 f   Ai_trade.obj
 0001:00008ca4       ?AI_Trade_SemiImportant_Property@@YAHPAURULE_GameStateStruct@@EPAMHEPAK@Z 00409ca4 f   Ai_trade.obj
 0001:00009672       ?AI_Owned_By_Monopoly_Player@@YAHPAURULE_GameStateStruct@@HE@Z 0040a672 f   Ai_trade.obj
 0001:00009758       ?AI_Player_Involved_In_Trade@@YAHPAUAI_Trade_ListStruct@@E@Z 0040a758 f   Ai_trade.obj
 0001:000097ab       ?AI_Make_Trade_Fair@@YAHPAURULE_GameStateStruct@@EPAEJPAUAI_Trade_ListStruct@@PAKJH@Z 0040a7ab f   Ai_trade.obj
 0001:00009e3b       ?AI_Get_Transfer_Tax@@YAJPAURULE_GameStateStruct@@K@Z 0040ae3b f   Ai_trade.obj
 0001:00009ec6       ?AI_Send_Proposed_Trade@@YAHPAURULE_GameStateStruct@@EH@Z 0040aec6 f   Ai_trade.obj
 0001:0000a59b       ?AI_Get_Next_Player_Wanting_Cash@@YAEPAUAI_Trade_ListStruct@@@Z 0040b59b f   Ai_trade.obj
 0001:0000a5da       ?AI_Should_Trade_For_Monopoly@@YAHPAURULE_GameStateStruct@@E@Z 0040b5da f   Ai_trade.obj
 0001:0000a7ae       ?AI_Find_Nonmonopoly_Player@@YAEPAURULE_GameStateStruct@@E@Z 0040b7ae f   Ai_trade.obj
 0001:0000a862       ?AI_Find_Free_Trade_Spot@@YAHPAURULE_GameStateStruct@@E@Z 0040b862 f   Ai_trade.obj
 0001:0000a8c8       ?AI_Should_Trade@@YAHPAURULE_GameStateStruct@@EH@Z 0040b8c8 f   Ai_trade.obj
 0001:0000aa09       ?AI_Add_Trade_Item@@YAXHJEEK@Z 0040ba09 f   Ai_trade.obj
 0001:0000ad3f       ?AI_Update_State@@YAXPAURULE_GameStateStruct@@PAUAI_Trade_ListStruct@@@Z 0040bd3f f   Ai_trade.obj
 0001:0000ae2c       ?AI_Calc_Trade_Property_Importance@@YAMPAURULE_GameStateStruct@@0EEPAUAI_Trade_ListStruct@@H@Z 0040be2c f   Ai_trade.obj
 0001:0000b3cd       ?AI_Find_Players_Property_Importance@@YANPAURULE_GameStateStruct@@EEHPAJPAN@Z 0040c3cd f   Ai_trade.obj
 0001:0000b9af       ?AI_Num_Veto_Monopolies@@YAHK@Z 0040c9af f   Ai_trade.obj
 0001:0000ba00       ?AI_Mortgage_Negative_Cash_Players@@YAXPAURULE_GameStateStruct@@@Z 0040ca00 f   Ai_trade.obj
 0001:0000ba7d       ?AI_Evaluate_Trade@@YAMPAURULE_GameStateStruct@@EEPAUAI_Trade_ListStruct@@@Z 0040ca7d f   Ai_trade.obj
 0001:0000bd5a       ?AI_Evaluate_Trade_Player_List@@YAXPAURULE_GameStateStruct@@PAEHEPAUAI_Trade_ListStruct@@PAMH@Z 0040cd5a f   Ai_trade.obj
 0001:0000c067       ?AI_Evaluate_Winning_Chances@@YAMPAURULE_GameStateStruct@@EEPAM@Z 0040d067 f   Ai_trade.obj
 0001:0000c68a       ?AI_Reset_Trade_List@@YAXXZ 0040d68a f   Ai_trade.obj
 0001:0000c6b7       ?AI_Is_Possible_Monopoly@@YAHPAURULE_GameStateStruct@@EH@Z 0040d6b7 f   Ai_trade.obj
 0001:0000c765       ?AI_Trade_Is_Proper@@YAHPAURULE_GameStateStruct@@PAUAI_Trade_ListStruct@@@Z 0040d765 f   Ai_trade.obj
 0001:0000c8da       ?AI_Make_Trade_Proper@@YAXPAURULE_GameStateStruct@@PAUAI_Trade_ListStruct@@@Z 0040d8da f   Ai_trade.obj
 0001:0000cb69       ?AI_Is_Monopoly_Trade@@YAHPAURULE_GameStateStruct@@PAUAI_Trade_ListStruct@@@Z 0040db69 f   Ai_trade.obj
 0001:0000cc5c       ?AI_Counter_Propose_Trade@@YAHPAURULE_GameStateStruct@@EH@Z 0040dc5c f   Ai_trade.obj
 0001:0000d6de       ?AI_Create_Player_Property_Attitude_List@@YAHPAURULE_GameStateStruct@@EPAUAI_Trade_ListStruct@@PAHPAKPAEPAM@Z 0040e6de f   Ai_trade.obj
 0001:0000d829       ?AI_Create_Item_Importance_List@@YAXPAURULE_GameStateStruct@@EEPAUAI_Imp_ListStruct@@@Z 0040e829 f   Ai_trade.obj
 0001:0000dc2b       ?AI_Add_Type_Property@@YAHPAURULE_GameStateStruct@@0EEPAKHPAUAI_Trade_ListStruct@@1H@Z 0040ec2b f   Ai_trade.obj
 0001:0000e634       ?AI_Set_Properties_Traded@@YAXEEPAUAI_Trade_ListStruct@@@Z 0040f634 f   Ai_trade.obj
 0001:0000e6fa       ?AI_Properties_Already_Traded@@YAHEEPAUAI_Trade_ListStruct@@H@Z 0040f6fa f   Ai_trade.obj
 0001:0000e7b9       ?AI_Properties_Forget_Traded@@YAXE@Z 0040f7b9 f   Ai_trade.obj
 0001:0000e876       ?AI_Should_Give_Away_Monopoly@@YAHPAURULE_GameStateStruct@@E@Z 0040f876 f   Ai_trade.obj
 0001:0000e9da       ?AI_Get_Cash_Multiplier@@YANEE@Z 0040f9da f   Ai_trade.obj
 0001:0000eaf2       ?AI_Player_Give_Immunities_Futures@@YAHE@Z 0040faf2 f   Ai_trade.obj
 0001:0000eb6c       ?AI_Use_The_Force@@YAHPAURULE_GameStateStruct@@E@Z 0040fb6c f   Ai_trade.obj
 0001:0000ec00       ?AI_Get_Monopoly_Set@@YAKH@Z 0040fc00 f   Ai_util.obj
 0001:0000ec76       ?AI_Number_Properties_In_Set@@YAHK@Z 0040fc76 f   Ai_util.obj
 0001:0000ecab       ?AI_Num_Of_Monopolies_In_Set@@YAHK@Z 0040fcab f   Ai_util.obj
 0001:0000ecfd       ?AI_Num_Of_Monopolies_Between_Players@@YAHPAURULE_GameStateStruct@@PAEHH@Z 0040fcfd f   Ai_util.obj
 0001:0000ed7c       ?AI_Remove_Players_From_List@@YAXPAE0HH@Z 0040fd7c f   Ai_util.obj
 0001:0000ee27       ?AI_Get_Monopolies@@YAJPAURULE_GameStateStruct@@EPAHH@Z 0040fe27 f   Ai_util.obj
 0001:0000eeb6       ?AI_Player_Close_To_Property@@YAHPAURULE_GameStateStruct@@EHJJ@Z 0040feb6 f   Ai_util.obj
 0001:0000ef5d       ?AI_Cost_Unmortgage_Monopoly@@YAJPAURULE_GameStateStruct@@H@Z 0040ff5d f   Ai_util.obj
 0001:0000efd3       ?AI_Someone_Close_To_Monopoly@@YAHPAURULE_GameStateStruct@@EPAHH@Z 0040ffd3 f   Ai_util.obj
 0001:0000f035       ?AI_Highest_Rent_Square@@YAHPAURULE_GameStateStruct@@EPAJ@Z 00410035 f   Ai_util.obj
 0001:0000f0e6       ?AI_Best_Current_Rent@@YAEPAURULE_GameStateStruct@@@Z 004100e6 f   Ai_util.obj
 0001:0000f152       ?AI_Most_Expensive_Potential_Income@@YAEPAURULE_GameStateStruct@@@Z 00410152 f   Ai_util.obj
 0001:0000f1b5       ?AI_Potential_Income@@YAJPAURULE_GameStateStruct@@E@Z 004101b5 f   Ai_util.obj
 0001:0000f278       ?AI_Exist_Monopoly@@YAHPAURULE_GameStateStruct@@@Z 00410278 f   Ai_util.obj
 0001:0000f2be       ?AI_Player_Own_Monopoly@@YAHPAURULE_GameStateStruct@@EH@Z 004102be f   Ai_util.obj
 0001:0000f32e       ?AI_Get_Liquid_Assets@@YAJPAURULE_GameStateStruct@@EHH@Z 0041032e f   Ai_util.obj
 0001:0000f3b3       ?AI_Get_Liquid_Assets_Property@@YAJPAURULE_GameStateStruct@@KHH@Z 004103b3 f   Ai_util.obj
 0001:0000f49e       ?AI_Get_Total_Worth@@YAJPAURULE_GameStateStruct@@E@Z 0041049e f   Ai_util.obj
 0001:0000f548       ?AI_Get_Monopoly_Lots@@YAHPAURULE_GameStateStruct@@PAHH@Z 00410548 f   Ai_util.obj
 0001:0000f634       ?AI_Num_Houses_On_Monopoly@@YAHPAURULE_GameStateStruct@@H@Z 00410634 f   Ai_util.obj
 0001:0000f6c6       ?AI_Is_Monopoly@@YAHPAURULE_GameStateStruct@@H@Z 004106c6 f   Ai_util.obj
 0001:0000f797       ?AI_XOR_Property_Set@@YAKKZZ 00410797 f   Ai_util.obj
 0001:0000f7df       ?AI_Housing_Shortage@@YAHPAURULE_GameStateStruct@@E@Z 004107df f   Ai_util.obj
 0001:0000f80b       ?AI_Free_Houses@@YAEPAURULE_GameStateStruct@@@Z 0041080b f   Ai_util.obj
 0001:0000f8a4       ?AI_Free_Hotels@@YAEPAURULE_GameStateStruct@@@Z 004108a4 f   Ai_util.obj
 0001:0000f910       ?AI_Own_Monopoly@@YAHPAURULE_GameStateStruct@@EHHK@Z 00410910 f   Ai_util.obj
 0001:0000f9ed       ?AI_Number_Railroads_Utils_Owned@@YAHPAURULE_GameStateStruct@@EHHK@Z 004109ed f   Ai_util.obj
 0001:0000fa87       ?AI_Rent_If_Stepped_On@@YAJPAURULE_GameStateStruct@@HK@Z 00410a87 f   Ai_util.obj
 0001:0000fb99       ?AI_Average_Rent_Received@@YAMPAURULE_GameStateStruct@@EHHMK@Z 00410b99 f   Ai_util.obj
 0001:0000fc81       ?AI_Average_Rent_Payed@@YAJPAURULE_GameStateStruct@@EHHM@Z 00410c81 f   Ai_util.obj
 0001:0000fdca       ?AI_Get_Most_Liquid_Assets@@YAJPAURULE_GameStateStruct@@EH@Z 00410dca f   Ai_util.obj
 0001:0000fe5b       ?AI_Is_Cash_Cow@@YAHH@Z    00410e5b f   Ai_util.obj
 0001:0000fe87       ?AI_Min_Calculated_Expenses@@YAJPAURULE_GameStateStruct@@E@Z 00410e87 f   Ai_util.obj
 0001:0000fee2       ?AI_Only_Player_Have_Monopoly@@YAHPAURULE_GameStateStruct@@E@Z 00410ee2 f   Ai_util.obj
 0001:00010050       ?AI_Owns_Prop_From_Monopoly@@YAHPAURULE_GameStateStruct@@EH@Z 00411050 f   Ai_util.obj
 0001:0001008f       ?AI_Num_House_Can_Buy_On_Monopoly@@YAJPAURULE_GameStateStruct@@H@Z 0041108f f   Ai_util.obj
 0001:000100da       ?AI_Test_For_Monopoly@@YAHKH@Z 004110da f   Ai_util.obj
 0001:00010150       ?AI_Who_Owns_Monopoly@@YAEPAURULE_GameStateStruct@@H@Z 00411150 f   Ai_util.obj
 0001:000101d7       ?AI_Cash_Available_After_Housing@@YAJPAURULE_GameStateStruct@@E@Z 004111d7 f   Ai_util.obj
 0001:0001025c       ?AI_Num_Properties_Left_To_Buy@@YAHPAURULE_GameStateStruct@@@Z 0041125c f   Ai_util.obj
 0001:000102b9       ?AI_Property_Being_Bought@@YAHPAURULE_GameStateStruct@@PAE@Z 004112b9 f   Ai_util.obj
 0001:000102e1       ?AI_Get_Monopoly_Stage@@YAHPAURULE_GameStateStruct@@E@Z 004112e1 f   Ai_util.obj
 0001:00010348       ?AI_Find_Lowest_Rent@@YAHPAURULE_GameStateStruct@@EK@Z 00411348 f   Ai_util.obj
 0001:00010537       ?AI_Find_Highest_Rent_Mortgaged@@YAHPAURULE_GameStateStruct@@EKJ@Z 00411537 f   Ai_util.obj
 0001:0001062f       ?AI_Square_Move_Reaction@@YAHPAURULE_GameStateStruct@@EHJ@Z 0041162f f   Ai_util.obj
 0001:000109d0       ?DisplayMessage@@YAXPAD0@Z 004119d0 f   Debugart.obj
 0001:000109ea       ?RetryMessage@@YAHPAD0@Z   004119ea f   Debugart.obj
 0001:00010a0e       ?OKCancelMessage@@YAHPAD0@Z 00411a0e f   Debugart.obj
 0001:00010a30       ?YesNoMessage@@YAHPAD0H@Z  00411a30 f   Debugart.obj
 0001:00010a63       ?ErrorExit@@YAXPAD@Z       00411a63 f   Debugart.obj
 0001:00010aa0       ??3@YAXPAX@Z               00411aa0 f i display.obj
 0001:00010adb       ?DISPLAY_initialize@@YAXXZ 00411adb f   display.obj
 0001:00010cbe       ?DISPLAY_destroy@@YAXXZ    00411cbe f   display.obj
 0001:00010d26       ?DISPLAY_tickActions@@YAXH@Z 00411d26 f   display.obj
 0001:00010d6a       ?DISPLAY_showAll2@@YAXXZ   00411d6a f   display.obj
 0001:00010fde       ?DISPLAY_showMessageBox@@YAXXZ 00411fde f   display.obj
 0001:00011424       ?DISPLAY_hideMessageBox@@YAXXZ 00412424 f   display.obj
 0001:00011459       ?DISPLAY_setMessageBox@@YAXPAD@Z 00412459 f   display.obj
 0001:00011496       ?DISPLAY_TestBuildingPlacement@@YAKPAURULE_GameStateStruct@@EHHHHPAH1PAJ@Z 00412496 f   display.obj
 0001:000117f6       ?DISPLAY_PlaceBuildingLegalSquares@@YAKH@Z 004127f6 f   display.obj
 0001:00011860       ?DISPLAY_SellBuildingLegalSquares@@YAKH@Z 00412860 f   display.obj
 0001:000118ca       ?DISLAY_NewScreenSizeNDepth@@YAHHHH@Z 004128ca f   display.obj
 0001:00011910       ?LE_VOICE_PLAY_CHAT@@YAHPAEKJJ@Z 00412910 f   L_voice.obj
 0001:00012b37       ?CompareStandardCapture@@YAHPBX0@Z 00413b37 f   L_voice.obj
 0001:00012c0d       ?LE_VOICE_RECORD_START@@YAHK@Z 00413c0d f   L_voice.obj
 0001:000130cc       ?LE_VOICE_RECORD_GET_POSITION@@YAMXZ 004140cc f   L_voice.obj
 0001:0001385c       ?LE_VOICE_RECORD_FINISH@@YAHPAPAEPAK@Z 0041485c f   L_voice.obj
 0001:00013a1c       ?AcmFormatTagEnumCallback@@YGHPAUHACMDRIVERID__@@PAUtACMFORMATTAGDETAILSA@@KK@Z 00414a1c f   L_voice.obj
 0001:00013efe       ?AcmDriverEnumCallback@@YGHPAUHACMDRIVERID__@@KK@Z 00414efe f   L_voice.obj
 0001:00013f98       ?LE_VOICE_REGENERATE_COMPRESSOR_LIST@@YAXXZ 00414f98 f   L_voice.obj
 0001:00014129       ?LI_VOICE_EnumDSCaptureProc@@YGHPAU_GUID@@PBD1PAX@Z 00415129 f   L_voice.obj
 0001:0001418c       ?LE_VOICE_InitSystem@@YAXPAUHWND__@@@Z 0041518c f   L_voice.obj
 0001:00014309       ?LE_VOICE_RemoveSystem@@YAXXZ 00415309 f   L_voice.obj
 0001:000143f0       _LANG_GetMaxMessageId      004153f0 f   Lang.obj
 0001:000143fa       _LANG_GetTextMessage       004153fa f   Lang.obj
 0001:0001446e       _LANG_GetTextMessage2      0041546e f   Lang.obj
 0001:0001447f       _LANG_GetTextMessageClean  0041547f f   Lang.obj
 0001:00014511       _LANG_InitializeSystem     00415511 f   Lang.obj
 0001:000145ea       _LANG_CleanAndRemoveSystem 004155ea f   Lang.obj
 0001:000145fe       _FigureOutLanguage         004155fe f   Lang.obj
 0001:0001460f       _CleanupExternalLanguage   0041560f f   Lang.obj
 0001:00014681       _StartupExternalLanguage   00415681 f   Lang.obj
 0001:00014b0b       _GetLanguageString         00415b0b f   Lang.obj
 0001:00014b61       _LANG_MoneyToTmpIString    00415b61 f   Lang.obj
 0001:00014bca       _LANG_DoubleToTmpIString   00415bca f   Lang.obj
 0001:00014c33       _LANG_LongToTmpIString     00415c33 f   Lang.obj
 0001:00014c9b       _LANG_OnLanguageSet        00415c9b f   Lang.obj
 0001:00014d57       _LANG_SetCurPrintProperty  00415d57 f   Lang.obj
 0001:00014dad       _LANG_Default              00415dad f   Lang.obj
 0001:00014dcf       _LANG_InitDisplayProperty  00415dcf f   Lang.obj
 0001:00014df0       _LANG_CopyPrintProperty    00415df0 f   Lang.obj
 0001:00014e07       _LANG_SetPrintEnvironment  00415e07 f   Lang.obj
 0001:00014efc       ?LANG_CpCmd@@YAXPAULANG_COMMAND@@JJJJPAG@Z 00415efc f   Lang.obj
 0001:00014f2d       _LANG_Meta                 00415f2d f   Lang.obj
 0001:00014f56       _LANG_GetStringHeight      00415f56 f   Lang.obj
 0001:00014f8a       _LANG_GetStringWidth       00415f8a f   Lang.obj
 0001:00014fbe       _LANG_Print                00415fbe f   Lang.obj
 0001:00015000       ?GameStartup@@YAHXZ        00416000 f   Main.obj
 0001:00015094       ?InitRenderSlots@@YAXXZ    00416094 f   Main.obj
 0001:000151fd       ?ProcessUIMessage@@YAHPAULE_QUEUE_MessageStruct@@@Z 004161fd f   Main.obj
 0001:00015239       ?GameShutdown@@YAXXZ       00416239 f   Main.obj
 0001:000152fd       ?GameUpdateCycle@@YAHXZ    004162fd f   Main.obj
 0001:00015420       ?MESS_FreeStorageAssociatedWithMessage@@YAXPAURULE_ActionArgumentsStruct@@@Z 00416420 f   Mess.obj
 0001:00015477       ?MESS_SendActionMessage@@YAHPAURULE_ActionArgumentsStruct@@@Z 00416477 f   Mess.obj
 0001:000155ff       ?MESS_SendAction2@@YAHHEEJJJJJPAGIPAX@Z 004165ff f   Mess.obj
 0001:0001575d       ?MESS_SendAction@@YAHHEEJJJJPAGIPAX@Z 0041675d f   Mess.obj
 0001:00015794       ?MESS_CurrentQueueSize@@YAKXZ 00416794 f   Mess.obj
 0001:000157dc       ?MESS_LetNewComputersIntoTheGame@@YAHXZ 004167dc f   Mess.obj
 0001:00015848       ?DirectPlayEnumServicesCallback@@YGHPBU_GUID@@PAXKPBUDPNAME@@K1@Z 00416848 f   Mess.obj
 0001:000158fd       ?DPSelectServiceDialogProc@@YGHPAUHWND__@@IIJ@Z 004168fd f   Mess.obj
 0001:00015ec1       ?EnumPlayersToFindServer@@YGHKKPBUDPNAME@@KPAX@Z 00416ec1 f   Mess.obj
 0001:00016040       ?EnumSessionsCallback@@YGHPBUDPSESSIONDESC2@@PAKKPAX@Z 00417040 f   Mess.obj
 0001:0001611b       ?DPSelectSessionDialogProc@@YGHPAUHWND__@@IIJ@Z 0041711b f   Mess.obj
 0001:00016a01       ?MESS_UpdateLobbyWithCurrentGameInfo@@YAXPAUMESS_ZoneGameUpdateInfoStruct@@@Z 00417a01 f   Mess.obj
 0001:00016b03       ?MESS_UpdateLobbyGameStarted@@YAXXZ 00417b03 f   Mess.obj
 0001:00016bb4       ?MESS_UpdateLobbyGameFinished@@YAXXZ 00417bb4 f   Mess.obj
 0001:00016c65       ?GetMyTCPAddress@@YAHPAGK@Z 00417c65 f   Mess.obj
 0001:00016d99       ?GetIPAddressDialogProc@@YGHPAUHWND__@@IIJ@Z 00417d99 f   Mess.obj
 0001:00016f37       ?ShowIPAddressDialogProc@@YGHPAUHWND__@@IIJ@Z 00417f37 f   Mess.obj
 0001:00017094       ?ServerModeDialogProc@@YGHPAUHWND__@@IIJ@Z 00418094 f   Mess.obj
 0001:00017225       ?SystemChoiceDialogProc@@YGHPAUHWND__@@IIJ@Z 00418225 f   Mess.obj
 0001:0001751b       ?MESS_StartNetworking@@YAHPAG@Z 0041851b f   Mess.obj
 0001:00018965       ?MESS_SetNetworkName@@YAHPAG@Z 00419965 f   Mess.obj
 0001:00018a0b       ?MESS_AssociatePlayerWithAddress@@YAXEPAURULE_NetworkAddressStruct@@@Z 00419a0b f   Mess.obj
 0001:00018a3d       ?MESS_GetAddressOfPlayer@@YAXEPAURULE_NetworkAddressStruct@@@Z 00419a3d f   Mess.obj
 0001:00018a81       ?MESS_GetPlayerForAddress@@YAEPAURULE_NetworkAddressStruct@@@Z 00419a81 f   Mess.obj
 0001:00018ad1       ?MESS_GetComputerAddressFromIndex@@YAHHPAURULE_NetworkAddressStruct@@@Z 00419ad1 f   Mess.obj
 0001:00018b93       ?MESS_StopDirectPlay@@YAXXZ 00419b93 f   Mess.obj
 0001:00018ba2       ?MESS_StopWinSock@@YAXXZ   00419ba2 f   Mess.obj
 0001:00018bb1       ?MESS_StopAllNetworking@@YAXXZ 00419bb1 f   Mess.obj
 0001:00018bd9       ?MESS_ReceiveActionMessage@@YAHPAURULE_ActionArgumentsStruct@@@Z 00419bd9 f   Mess.obj
 0001:0001a2dc       ?MESS_InitializeSystem@@YAHXZ 0041b2dc f   Mess.obj
 0001:0001a340       ?MESS_CleanAndRemoveSystem@@YAXXZ 0041b340 f   Mess.obj
 0001:0001a37b       ?MESS_updateMessageLog@@YAXPAURULE_ActionArgumentsStruct@@H@Z 0041b37b f   Mess.obj
 0001:0001b4fe       ?MESS_RULE_updateMessageLog@@YAXPAURULE_PendingPhaseStruct@@H@Z 0041c4fe f   Mess.obj
 0001:0001bb4c       ?MESS_STATE_updateMessageLog@@YAXH@Z 0041cb4c f   Mess.obj
 0001:0001bce0       ?IsEqualGUID@@YAHABU_GUID@@0@Z 0041cce0 f i Mess.obj
 0001:0001bd00       ?InitialiseDecks@@YAXPAURULE_GameStateStruct@@@Z 0041cd00 f   Rule.obj
 0001:0001bdfa       ?DealChanceCard@@YAHPAURULE_GameStateStruct@@@Z 0041cdfa f   Rule.obj
 0001:0001be87       ?DealCommunityCard@@YAHPAURULE_GameStateStruct@@@Z 0041ce87 f   Rule.obj
 0001:0001be9d       ?ReturnCard@@YAXPAURULE_GameStateStruct@@H@Z 0041ce9d f   Rule.obj
 0001:0001bf29       ?RULE_ConvertFileToGameOptions@@YAHPAEKPAURULE_GameOptionsStruct@@@Z 0041cf29 f   Rule.obj
 0001:0001c829       ?RULE_ConvertGameOptionsToFile@@YAKPAURULE_GameOptionsStruct@@PAEK@Z 0041d829 f   Rule.obj
 0001:0001cd5a       ?AddGameOptionsToMessageBlob@@YAHPAURULE_GameOptionsStruct@@PAURULE_ActionArgumentsStruct@@@Z 0041dd5a f   Rule.obj
 0001:0001ce4a       ?RULE_ConvertFileToGameState@@YAHPAEKPAURULE_GameStateStruct@@PAUSavedGameDataCollectionStruct@@@Z 0041de4a f   Rule.obj
 0001:0001d9da       ?AddGameStateToMessageBlob@@YAHPAURULE_GameStateStruct@@PAUSavedGameDataCollectionStruct@@PAURULE_ActionArgumentsStruct@@@Z 0041e9da f   Rule.obj
 0001:0001e586       ?RULE_TestBuildingPlacement@@YAKPAURULE_GameStateStruct@@EHHPAH1PAJ@Z 0041f586 f   Rule.obj
 0001:0001e96d       ?RULE_TestUnMortgaging@@YAHEHPAURULE_GameStateStruct@@K@Z 0041f96d f   Rule.obj
 0001:0001ea3b       ?RULE_ProcessRules@@YAXPAURULE_ActionArgumentsStruct@@@Z 0041fa3b f   Rule.obj
 0001:0002acab       ?RULE_BitSetToProperty@@YAHK@Z 0042bcab f   Rule.obj
 0001:0002ad07       ?RULE_CountHousesAndHotels@@YAXPAURULE_GameStateStruct@@EPAH1@Z 0042bd07 f   Rule.obj
 0001:0002adae       ?RULE_PropertySetOwnedByPlayer@@YAKPAURULE_GameStateStruct@@E@Z 0042bdae f   Rule.obj
 0001:0002ae14       ?RULE_PrintSetOfPropertyNames@@YAXKPAGK@Z 0042be14 f   Rule.obj
 0001:0002af43       ?RULE_FormatErrorByMessage@@YAXPAURULE_ActionArgumentsStruct@@PAGJ@Z 0042bf43 f   Rule.obj
 0001:0002b3ab       ?RULE_FormatErrorByArguments@@YAXKJJJJPAGJ@Z 0042c3ab f   Rule.obj
 0001:0002b41c       ?RULE_InitializeSystem@@YAHXZ 0042c41c f   Rule.obj
 0001:0002b47b       ?RULE_CleanAndRemoveSystem@@YAXXZ 0042c47b f   Rule.obj
 0001:0002b480       ?RULE_PlayersFirstMoveWasMade@@YAHH@Z 0042c480 f   Rule.obj
 0001:0002b4c0       ?TICKLER_Byte@@YAXPCE@Z    0042c4c0 f   Tickler.obj
 0001:0002b541       ?TICKLER_Range@@YAXPAXJ@Z  0042c541 f   Tickler.obj
 0001:0002b5a7       ?TICKLER_Flush@@YAXXZ      0042c5a7 f   Tickler.obj
 0001:0002b600       _Trade_AddItem             0042c600 f   trade.obj
 0001:0002b8e4       _Trade_SendItems           0042c8e4 f   trade.obj
 0001:0002b9ae       _AddUiImmunity             0042c9ae f   trade.obj
 0001:0002bbf0       ?DISPLAY_UDAUCT_Initialize@@YAXXZ 0042cbf0 f   UDAuct.obj
 0001:0002bcba       ?DISPLAY_UDAUCT_Destroy@@YAXXZ 0042ccba f   UDAuct.obj
 0001:0002bd24       ?DISPLAY_UDAUCT_Show@@YAXXZ 0042cd24 f   UDAuct.obj
 0001:0002c950       ?UDAUCT_ProcessMessage@@YAXPAULE_QUEUE_MessageStruct@@@Z 0042d950 f   UDAuct.obj
 0001:0002ca80       ?UDAUCT_ProcessMessageToPlayer@@YAXPAURULE_ActionArgumentsStruct@@@Z 0042da80 f   UDAuct.obj
 0001:0002cd7f       ?DISPLAY_UDBOARD_Initialize@@YAXXZ 0042dd7f f   UDBoard.obj
 0001:0002d18a       ?DISPLAY_UDBOARD_Destroy@@YAXXZ 0042e18a f   UDBoard.obj
 0001:0002d210       ?DISPLAY_UDBOARD_TickActions@@YAXH@Z 0042e210 f   UDBoard.obj
 0001:0002f155       ?DISPLAY_UDBOARD_Show@@YAXXZ 00430155 f   UDBoard.obj
 0001:0002f7f1       ?UDBOARD_ProcessMessage@@YAXPAULE_QUEUE_MessageStruct@@@Z 004307f1 f   UDBoard.obj
 0001:0002fe5f       ?UDBOARD_SetBackdrop@@YAXH@Z 00430e5f f   UDBoard.obj
 0001:0002fe6c       ?UDBOARD_CompileBackdrop@@YAXHH@Z 00430e6c f   UDBoard.obj
 0001:0002ff39       ?UDBOARD_SwitchToBackdrop@@YAXH@Z 00430f39 f   UDBoard.obj
 0001:0003000c       ?UDBOARD_PreLoadBackdrop@@YAXH@Z 0043100c f   UDBoard.obj
 0001:00030099       ?UDBOARD_SetCameraToPresetPostion@@YAXH@Z 00431099 f   UDBoard.obj
 0001:0003027e       ?UDBOARD_ActivateDesiredCamera@@YAXH@Z 0043127e f   UDBoard.obj
 0001:0003032c       ?UDBOARD_SelectAppropriateView@@YAHW4VIEW_SELECTION_TYPES@@H@Z 0043132c f   UDBoard.obj
 0001:00030440       ?UDBOARD_GetHighlightPosition@@YAXHPAM00@Z 00431440 f   UDBoard.obj
 0001:00030550       ??0Object_3D_Interpolation_data@@QAE@XZ 00431550 f i UDBoard.obj
 0001:000305e0       ??0_D3DVECTOR@@QAE@XZ      004315e0 f i UDBoard.obj
 0001:000305f0       ??_H@YGXPAXIHP6EX0@Z@Z     004315f0 f i UDBoard.obj
 0001:00030620       ??0_D3DVECTOR@@QAE@MMM@Z   00431620 f i UDBoard.obj
 0001:00030650       ?Using3DHardware@pc3D@@SAHXZ 00431650 f i UDBoard.obj
 0001:000306d0       ?Get3DDevice@DDrawWnd@@QBEPAVD3DDevice@@XZ 004316d0 f i UDBoard.obj
 0001:000306f0       ?IsHardware@D3DDevice@@QBEHXZ 004316f0 f i UDBoard.obj
 0001:00030710       ??G@YA?AU_D3DVECTOR@@ABU0@0@Z 00431710 f i UDBoard.obj
 0001:00030750       ??D@YA?AU_D3DVECTOR@@MABU0@@Z 00431750 f i UDBoard.obj
 0001:00030790       ??8@YAHABU_D3DVECTOR@@0@Z  00431790 f i UDBoard.obj
 0001:000307f0       ?Normalize@@YA?AU_D3DVECTOR@@ABU1@@Z 004317f0 f i UDBoard.obj
 0001:00030820       ??K@YA?AU_D3DVECTOR@@ABU0@M@Z 00431820 f i UDBoard.obj
 0001:00030860       ?Magnitude@@YAMABU_D3DVECTOR@@@Z 00431860 f i UDBoard.obj
 0001:00030890       ?SquareMagnitude@@YAMABU_D3DVECTOR@@@Z 00431890 f i UDBoard.obj
 0001:000308c0       ??0ColourValue@@QAE@MMMM@Z 004318c0 f i UDBoard.obj
 0001:00030900       ??0_Rend3DCamera@@QAE@XZ   00431900 f i UDBoard.obj
 0001:00030930       ??H@YA?AU_D3DVECTOR@@ABU0@0@Z 00431930 f i UDBoard.obj
 0001:00030990       ?ShowRollover@@YAXH@Z      00431990 f   UDChat.obj
 0001:00030b2b       ?GetCategory@@YAXH@Z       00431b2b f   UDChat.obj
 0001:00030c53       ?ShowCategory@@YAXH@Z      00431c53 f   UDChat.obj
 0001:00030d37       ?CHAT_wcscmp@@YAHPBX0@Z    00431d37 f   UDChat.obj
 0001:00030d61       ?EditBox_WinProc@@YGJPAUHWND__@@IIJ@Z 00431d61 f   UDChat.obj
 0001:00030ec6       ?CHAT_RefreshTextArea@@YAXXZ 00431ec6 f   UDChat.obj
 0001:000311f0       ?CHAT_RefreshFluffTextArea@@YAXXZ 004321f0 f   UDChat.obj
 0001:00031661       ?UDCHAT_SendFluffText@@YAXXZ 00432661 f   UDChat.obj
 0001:00031b16       ?UDCHAT_ProcessFluffMessage@@YAHPAULE_QUEUE_MessageStruct@@@Z 00432b16 f   UDChat.obj
 0001:00032576       ?UDCHAT_ProcessChatMessage@@YAHPAULE_QUEUE_MessageStruct@@@Z 00433576 f   UDChat.obj
 0001:0003433d       ?UDCHAT_ProcessMessage@@YAHPAULE_QUEUE_MessageStruct@@@Z 0043533d f   UDChat.obj
 0001:000349fc       ?CHAT_WordWrapAll@@YAXXZ   004359fc f   UDChat.obj
 0001:00034c3f       ?CHAT_WordWrap@@YAHPAGHPAPAGH@Z 00435c3f f   UDChat.obj
 0001:00034eaa       ?CHAT_ReceiveMessage@@YAXPAGJJJ@Z 00435eaa f   UDChat.obj
 0001:000351d5       ?CHAT_Toggle@@YAXXZ        004361d5 f   UDChat.obj
 0001:00035200       ?CHAT_Open@@YAHXZ          00436200 f   UDChat.obj
 0001:00035d4e       ?CHAT_Close@@YAXXZ         00436d4e f   UDChat.obj
 0001:00035f16       ?CHAT_InitializeSystem@@YAHXZ 00436f16 f   UDChat.obj
 0001:0003622a       ?CHAT_CleanAndRemoveSystem@@YAXXZ 0043722a f   UDChat.obj
 0001:000362c0       ?AdjustFluffRects@@YAXXZ   004372c0 f i UDChat.obj
 0001:000367f0       ?AdjustRect@@YAXPAUtagRECT@@U1@UtagPOINT@@2@Z 004377f0 f i UDChat.obj
 0001:00036880       ?ScrollFluffTextAreaUpOne@@YAHXZ 00437880 f i UDChat.obj
 0001:000368b0       ?ScrollFluffTextAreaDownOne@@YAHXZ 004378b0 f i UDChat.obj
 0001:000368f0       ?AdjustRects@@YAXXZ        004378f0 f i UDChat.obj
 0001:00037080       ?ScrollTextAreaUpOne@@YAHXZ 00438080 f i UDChat.obj
 0001:000370b0       ?ScrollTextAreaDownOne@@YAHXZ 004380b0 f i UDChat.obj
 0001:000370f0       ?DISPLAY_UDIBAR_Initialize@@YAXXZ 004380f0 f   UDIBar.obj
 0001:000378ae       ?DISPLAY_UDIBAR_Destroy@@YAXXZ 004388ae f   UDIBar.obj
 0001:0003793d       ?DISPLAY_UDIBAR_TickActions@@YAXH@Z 0043893d f   UDIBar.obj
 0001:00037942       ?DISPLAY_UDIBAR_Show@@YAXXZ 00438942 f   UDIBar.obj
 0001:0003ae06       ?UDIBAR_ProcessMessage@@YAXPAULE_QUEUE_MessageStruct@@@Z 0043be06 f   UDIBar.obj
 0001:0003c6cd       ?UDIBAR_ProcessMessageToPlayer@@YAXPAURULE_ActionArgumentsStruct@@@Z 0043d6cd f   UDIBar.obj
 0001:0003db7c       ?UDIBAR_setDialog@@YAXH@Z  0043eb7c f   UDIBar.obj
 0001:0003db97       ?UDIBAR_setIBarRulesState@@YAXHH@Z 0043eb97 f   UDIBar.obj
 0001:0003dbbb       ?UDIBAR_setIBarCurrentState@@YAXH@Z 0043ebbb f   UDIBar.obj
 0001:0003dbe0       ?UDIBAR_ActionCompleted@@YAXPAURULE_ActionArgumentsStruct@@@Z 0043ebe0 f   UDIBar.obj
 0001:0003de1a       ?UDIBAR_DeedStateCalcButtons@@YAXXZ 0043ee1a f   UDIBar.obj
 0001:0003df5d       ?UDIBAR_testMortgagable@@YAHH@Z 0043ef5d f   UDIBar.obj
 0001:0003dffe       ?UDIBar_ProcessStatsButtonPress@@YAXH@Z 0043effe f   UDIBar.obj
 0001:0003e834       ?UDIBar_InitStatusButtons@@YAXXZ 0043f834 f   UDIBar.obj
 0001:0003e9fe       ?UDIBar_SwapStatusButtons@@YAXXZ 0043f9fe f   UDIBar.obj
 0001:0003ebe4       ?UDIBar_DisplaySortButtons@@YAXXZ 0043fbe4 f   UDIBar.obj
 0001:0003ece0       ?UDIBar_RemoveSortButtons@@YAXXZ 0043fce0 f   UDIBar.obj
 0001:0003edbc       ?UDIBar_ResetStatusBarButtons@@YAXXZ 0043fdbc f   UDIBar.obj
 0001:0003ee23       ?UDIBar_InitOptionsButtons@@YAXXZ 0043fe23 f   UDIBar.obj
 0001:0003ef61       ?UDIBar_DisplayOptionsButtons@@YAXXZ 0043ff61 f   UDIBar.obj
 0001:0003f088       ?UDIBar_RemoveOptionsButtons@@YAXXZ 00440088 f   UDIBar.obj
 0001:0003f14d       ?UDIBar_ProcessOptionsButtonPress@@YAXH@Z 0044014d f   UDIBar.obj
 0001:0003f30b       ?DISPLAY_UDOPTS_Initialize@@YAXXZ 0044030b f   UDOpts.obj
 0001:0003f31f       ?DISPLAY_UDOPTS_Destroy@@YAXXZ 0044031f f   UDOpts.obj
 0001:0003f397       ?DISPLAY_UDOPTS_Show@@YAXXZ 00440397 f   UDOpts.obj
 0001:0003f5a4       ?UDOPTS_ProcessMessage@@YAXPAULE_QUEUE_MessageStruct@@@Z 004405a4 f   UDOpts.obj
 0001:0003f6d1       ?UDOPTS_ProcessMessageToPlayer@@YAXPAURULE_ActionArgumentsStruct@@@Z 004406d1 f   UDOpts.obj
 0001:0003f6d6       ?UDOPTIONS_GetButtonIndex@@YAFPAULE_QUEUE_MessageStruct@@F@Z 004406d6 f   UDOpts.obj
 0001:0003f975       ?UDOPTIONS_RemoveLastOptionsScreen@@YAXH@Z 00440975 f   UDOpts.obj
 0001:0003f9bd       ?UDOPTIONS_DisplayFileScreen@@YAXH@Z 004409bd f   UDOpts.obj
 0001:0003faa1       ?UDOPTIONS_RemoveFileScreen@@YAXXZ 00440aa1 f   UDOpts.obj
 0001:0003fba2       ?UDOPTIONS_DisplayOptionScreen@@YAXH@Z 00440ba2 f   UDOpts.obj
 0001:0004007b       ?UDOPTIONS_RemoveOptionScreen@@YAXXZ 0044107b f   UDOpts.obj
 0001:00040338       ?UDOPTIONS_DisplayCreditsScreen@@YAXH@Z 00441338 f   UDOpts.obj
 0001:00040373       ?UDOPTIONS_RemoveCreditsScreen@@YAXXZ 00441373 f   UDOpts.obj
 0001:000403a1       ?UDOPTIONS_DisplayHelpScreen@@YAXH@Z 004413a1 f   UDOpts.obj
 0001:0004045d       ?UDOPTIONS_RemoveHelpScreen@@YAXXZ 0044145d f   UDOpts.obj
 0001:000404ea       ?UDOPTIONS_InitOptionsButtons@@YAXXZ 004414ea f   UDOpts.obj
 0001:0004091c       ?UDOPTIONS_ProcessFileOptionButtonPress@@YAXH@Z 0044191c f   UDOpts.obj
 0001:000409b2       ?UDOPTIONS_ProcessOptionOptionButtonPress@@YAXHF@Z 004419b2 f   UDOpts.obj
 0001:00040ff1       ?UDOPTIONS_ProcessCreditsOptionButtonPress@@YAXH@Z 00441ff1 f   UDOpts.obj
 0001:00041005       ?UDOPTIONS_ProcessHelpOptionButtonPress@@YAXH@Z 00442005 f   UDOpts.obj
 0001:00041056       ?UDOPTIONS_InitOptionOptionsScreen@@YAXXZ 00442056 f   UDOpts.obj
 0001:00041761       ?UDOPTIONS_InitCreditsOptionsScreen@@YAXXZ 00442761 f   UDOpts.obj
 0001:00041870       ?EnableDithering@pc3D@@SAHH@Z 00442870 f i UDOpts.obj
 0001:00041890       ?SetRenderState@D3DDevice@@QAEHW4_D3DRENDERSTATETYPE@@K@Z 00442890 f i UDOpts.obj
 0001:00041950       ?Get3DDevice@pc3D@@SAPAVD3DDevice@@XZ 00442950 f i UDOpts.obj
 0001:000419c0       ?EnableBilinearFiltering@pc3D@@SAHKH@Z 004429c0 f i UDOpts.obj
 0001:00041aa0       ?SetTextureStageState@D3DDevice@@QAEHKW4_D3DTEXTURESTAGESTATETYPE@@K@Z 00442aa0 f i UDOpts.obj
 0001:00041b60       ?UDPENNY_PennybagsSpecific@@YAXHH@Z 00442b60 f   Udpenny.obj
 0001:00041c58       ?UDPENNY_PennybagsGeneral@@YAXHH@Z 00442c58 f   Udpenny.obj
 0001:00041db3       ?UDPENNY_StartGame@@YAXXZ  00442db3 f   Udpenny.obj
 0001:00041dd5       ?UDPENNY_PassedGo@@YAXXZ   00442dd5 f   Udpenny.obj
 0001:00041df2       ?UDPENNY_NextPlayer@@YAXH@Z 00442df2 f   Udpenny.obj
 0001:00041f63       ?UDPENNY_AnnounceRoll@@YAXH@Z 00442f63 f   Udpenny.obj
 0001:00041f9a       ?UDPENNY_BoughtProperty@@YAXHH@Z 00442f9a f   Udpenny.obj
 0001:00042184       ?UDPENNY_ChooseToAuctionProperty@@YAXHH@Z 00443184 f   Udpenny.obj
 0001:000421cd       ?UDPENNY_BuyOrAuction@@YAXH@Z 004431cd f   Udpenny.obj
 0001:00042208       ?UDPENNY_LandedOnSquare@@YAXHH@Z 00443208 f   Udpenny.obj
 0001:00042727       ?UDPENNY_IsThisPropertyAMonopoly@@YAHH@Z 00443727 f   Udpenny.obj
 0001:00042925       ?UDPENNY_ReactToLandingOnOtherPlayersProperty@@YAXHH@Z 00443925 f   Udpenny.obj
 0001:00042b41       ?UDPENNY_PennyBagsAnnounceSquareName@@YAXH@Z 00443b41 f   Udpenny.obj
 0001:00042b59       ?UDPENNY_GoToJail@@YAXXZ   00443b59 f   Udpenny.obj
 0001:00042c1d       ?UDPENNY_ReturnTransIndexFromLogicalSquare@@YAFF@Z 00443c1d f   Udpenny.obj
 0001:00042eb6       ?UDPENNY_ReturnColorForPropertySet@@YAKFF@Z 00443eb6 f   Udpenny.obj
 0001:00043084       ?UDPENNY_ReturnMoneyValueBasedOnMonatarySystem@@YAXFFPAGH@Z 00444084 f   Udpenny.obj
 0001:00043843       ?UDPENNY_FitAndPrintJustifiedDeedText@@YAHKPAUUDPENNY_PrintInfo@@PAGH@Z 00444843 f   Udpenny.obj
 0001:00043b9e       ?UDPENNY_CreateDeed@@YAKFFFFH@Z 00444b9e f   Udpenny.obj
 0001:00045fcb       ?DISPLAY_UDPIECES_Initialize@@YAXXZ 00446fcb f   UDPieces.obj
 0001:000463dc       ?DISPLAY_UDPIECES_Destroy@@YAXXZ 004473dc f   UDPieces.obj
 0001:000465e2       ?DISPLAY_UDPIECES_TickActions@@YAXH@Z 004475e2 f   UDPieces.obj
 0001:000465e7       ?DISPLAY_UDPIECES_Show@@YAXXZ 004475e7 f   UDPieces.obj
 0001:0004ae55       ?UDPIECES_ProcessMessage@@YAXPAULE_QUEUE_MessageStruct@@@Z 0044be55 f   UDPieces.obj
 0001:0004ae5a       ?UDPIECES_ProcessMessageToPlayer@@YAXPAURULE_ActionArgumentsStruct@@@Z 0044be5a f   UDPieces.obj
 0001:0004ae5f       ?UDPIECES_GetTokenActualOrientation@@YAXHPAM000@Z 0044be5f f   UDPieces.obj
 0001:0004b21a       ?UDPIECES_GetTokenOrientation@@YAXHPAM000@Z 0044c21a f   UDPieces.obj
 0001:0004b32c       ?UDPIECES_GetTokenRestingIdleOrientation@@YAXHHHPAM000@Z 0044c32c f   UDPieces.obj
 0001:0004b84d       ?UDPIECES_GetHotelPosition@@YAXHPAM00@Z 0044c84d f   UDPieces.obj
 0001:0004b956       ?UDPIECES_GetHousePosition@@YAXHHPAM00@Z 0044c956 f   UDPieces.obj
 0001:0004baa0       ?UDPIECES_PickCameraFor3Squares@@YAHH@Z 0044caa0 f   UDPieces.obj
 0001:0004bbe9       ?UDPIECES_PickCameraFor5Squares@@YAHH@Z 0044cbe9 f   UDPieces.obj
 0001:0004bcbd       ?UDPIECES_PickCameraFor15Squares@@YAHH@Z 0044ccbd f   UDPieces.obj
 0001:0004bdc7       ?UDPIECES_PickAGoodCamera@@YAHHH@Z 0044cdc7 f   UDPieces.obj
 0001:0004bea6       ?UDPIECES_PlanMoveAnim@@YAXHHHH@Z 0044cea6 f   UDPieces.obj
 0001:0004c569       ?UDPIECES_StartOfGameSetup@@YAXXZ 0044d569 f   UDPieces.obj
 0001:0004c627       ?UDPIECES_UpdateShadows@@YAXXZ 0044d627 f   UDPieces.obj
 0001:0004c7e0       ?GetTexture@MeshGroup@@QBEPAUTextureID@@XZ 0044d7e0 f i UDPieces.obj
 0001:0004c800       ?SetZBias@Mesh@@QAEXE@Z    0044d800 f i UDPieces.obj
 0001:0004c820       ?GetNumMeshGroups@Mesh@@QAEHXZ 0044d820 f i UDPieces.obj
 0001:0004c840       ?GetMeshGroup@Mesh@@QAEPAVMeshGroup@@H@Z 0044d840 f i UDPieces.obj
 0001:0004c860       ?SetBlendingFactors@Mesh@@QAEXKK@Z 0044d860 f i UDPieces.obj
 0001:0004c890       ?RotateX@Matrix@@QAEXM@Z   0044d890 f i UDPieces.obj
 0001:0004c9b0       ?RotateY@Matrix@@QAEXM@Z   0044d9b0 f i UDPieces.obj
 0001:0004cad0       ?Translate@Matrix@@QAEXABU_D3DVECTOR@@@Z 0044dad0 f i UDPieces.obj
 0001:0004cb00       ?Translate@Matrix@@QAEXMMM@Z 0044db00 f i UDPieces.obj
 0001:0004cb40       ??0LE_SEQNCR_Runtime3DInfoStruct@@QAE@XZ 0044db40 f i UDPieces.obj
 0001:0004cb90       ??0LE_SEQNCR_Transform3DStruct@@QAE@XZ 0044db90 f i UDPieces.obj
 0001:0004cbb0       ?GetSize@?$Array@PAVMeshGroup@@PAV1@@@QBEHXZ 0044dbb0 f i UDPieces.obj
 0001:0004cbd0       ?GetAt@?$Array@PAVMeshGroup@@PAV1@@@QBEPAVMeshGroup@@H@Z 0044dbd0 f i UDPieces.obj
 0001:0004cc6b       ?DISPLAY_UDPSEL_Initialize@@YAXXZ 0044dc6b f   udpsel.obj
 0001:0004eb09       ?DISPLAY_UDPSEL_Destroy@@YAXXZ 0044fb09 f   udpsel.obj
 0001:0004eb84       ?UDPSEL_PlayerButtonClicked@@YAXH@Z 0044fb84 f   udpsel.obj
 0001:0004eba8       ?DISPLAY_UDPSEL_Show@@YAXXZ 0044fba8 f   udpsel.obj
 0001:00051428       ?UDPSEL_SwitchViewAfterAnimOuts@@YAXH@Z 00452428 f   udpsel.obj
 0001:0005144e       ?UDPSEL_GameHasJustStarted@@YAXXZ 0045244e f   udpsel.obj
 0001:0005145d       ?UDPSEL_GameOver@@YAXPAGH@Z 0045245d f   udpsel.obj
 0001:0005162f       ?UDPSEL_ProcessMessage@@YAXPAULE_QUEUE_MessageStruct@@@Z 0045262f f   udpsel.obj
 0001:00052650       ?UDPSEL_ProcessMessageToPlayer@@YAXPAURULE_ActionArgumentsStruct@@@Z 00453650 f   udpsel.obj
 0001:000528a0       ?Pause@pc3D@@SAXH@Z        004538a0 f i udpsel.obj
 0001:00052910       ?DISPLAY_UDSOUND_Initialize@@YAXXZ 00453910 f   UDSound.obj
 0001:000529a6       ?DISPLAY_UDSOUND_Destroy@@YAXXZ 004539a6 f   UDSound.obj
 0001:000529ab       ?DISPLAY_UDSOUND_tickActions@@YAXH@Z 004539ab f   UDSound.obj
 0001:00052ad8       ?DISPLAY_UDSOUND_Show@@YAXXZ 00453ad8 f   UDSound.obj
 0001:00052ae2       ?UDSOUND_ProcessMessage@@YAXPAULE_QUEUE_MessageStruct@@@Z 00453ae2 f   UDSound.obj
 0001:00052ae7       ?UDSOUND_Warning@@YAXXZ    00453ae7 f   UDSound.obj
 0001:00052afb       ?UDSOUND_CashUpFx@@YAXXZ   00453afb f   UDSound.obj
 0001:00052b0f       ?UDSOUND_CashDownFx@@YAXXZ 00453b0f f   UDSound.obj
 0001:00052b23       ?UDSOUND_TokenGenericPlaySound@@YAHHHH@Z 00453b23 f   UDSound.obj
 0001:00052c96       ?UDSOUND_BackgroundMusicUpdate@@YAXXZ 00453c96 f   UDSound.obj
 0001:00052d53       ?UDSOUND_BackgroundMusicOff@@YAXXZ 00453d53 f   UDSound.obj
 0001:00052d8e       ?UDSOUND_WatchSoundWithQueueLock@@YAXK@Z 00453d8e f   UDSound.obj
 0001:00052e18       ?UD_SOUND_KillAllTalkingSounds@@YAXXZ 00453e18 f   UDSound.obj
 0001:00052e8d       ?UD_SOUND_CheckForTalkingSounds@@YAHXZ 00453e8d f   UDSound.obj
 0001:00052f6c       ?UD_SOUND_CheckForTalkingSoundsWithLock@@YAHXZ 00453f6c f   UDSound.obj
 0001:00053087       ?UDPENNY_PB_ReadCard@@YAXH@Z 00454087 f   UDSound.obj
 0001:000530a9       ?UDPENNY_GetCorrectCardWav@@YAHH@Z 004540a9 f   UDSound.obj
 0001:000530e0       ?DISPLAY_UDSTATS_Initialize@@YAXXZ 004540e0 f   UDStats.obj
 0001:00053229       ?DISPLAY_UDSTATS_Destroy@@YAXXZ 00454229 f   UDStats.obj
 0001:000533b8       ?DISPLAY_UDSTATS_Show@@YAXXZ 004543b8 f   UDStats.obj
 0001:000535f4       ?UDSTATS_ProcessMessage@@YAXPAULE_QUEUE_MessageStruct@@@Z 004545f4 f   UDStats.obj
 0001:00053a27       ?UDSTATS_ProcessMessageToPlayer@@YAXPAURULE_ActionArgumentsStruct@@@Z 00454a27 f   UDStats.obj
 0001:00053a2c       ?UDStats_SortDeedsByPurchaceValue@@YAXXZ 00454a2c f   UDStats.obj
 0001:00053ceb       ?UDStats_SortDeedsByOwner@@YAXXZ 00454ceb f   UDStats.obj
 0001:00053f40       ?UDStats_SortDeedsByEstCurrentValue@@YAXXZ 00454f40 f   UDStats.obj
 0001:00054261       ?UDStats_SortDeedsByMostValuable@@YAXXZ 00455261 f   UDStats.obj
 0001:00054535       ?UDStats_SortPlayersByOrderOfTurn@@YAXXZ 00455535 f   UDStats.obj
 0001:00054587       ?UDStats_SortPlayersByNetWorth@@YAXXZ 00455587 f   UDStats.obj
 0001:000546b6       ?UDStats_SortPlayersByHighFutureValue@@YAXXZ 004556b6 f   UDStats.obj
 0001:000547e5       ?UDStats_SortPlayersByCashAmount@@YAXXZ 004557e5 f   UDStats.obj
 0001:00054912       ?UDStats_InitCalcButtons@@YAXXZ 00455912 f   UDStats.obj
 0001:00054a40       ?UDStats_InitMiscButtons@@YAXXZ 00455a40 f   UDStats.obj
 0001:00054c46       ?UDStats_ProcessButtonRollOver@@YAXPAULE_QUEUE_MessageStruct@@@Z 00455c46 f   UDStats.obj
 0001:00054ca6       ?UDStats_DisplayStatusScreen@@YAXXZ 00455ca6 f   UDStats.obj
 0001:00054cfc       ?UDStats_RemoveStatusScreen@@YAXXZ 00455cfc f   UDStats.obj
 0001:00054d52       ?UDStats_FillPlayerStatusArray@@YAXXZ 00455d52 f   UDStats.obj
 0001:00054fcb       ?UDStats_DisplayPlayerStatusScreen@@YAXXZ 00455fcb f   UDStats.obj
 0001:00054ffd       ?UDStats_RemovePlayerStatusScreen@@YAXXZ 00455ffd f   UDStats.obj
 0001:00055011       ?UDStats_DisplayDeedStatusScreen@@YAXXZ 00456011 f   UDStats.obj
 0001:00055069       ?UDStats_RemoveDeedStatusScreen@@YAXXZ 00456069 f   UDStats.obj
 0001:000550fc       ?UDStats_DisplayDeeds@@YAXXZ 004560fc f   UDStats.obj
 0001:000555c0       ?UDStats_RemoveDeeds@@YAXXZ 004565c0 f   UDStats.obj
 0001:000556af       ?UDStats_DisplayDeedInfo@@YAXHKH@Z 004566af f   UDStats.obj
 0001:000559ad       ?UDStats_DisplayPlayerDeeds@@YAXXZ 004569ad f   UDStats.obj
 0001:00055e44       ?UDStats_RemovePlayerDeeds@@YAXXZ 00456e44 f   UDStats.obj
 0001:00056034       ?UDStats_DisplayPlayerBoxes@@YAXXZ 00457034 f   UDStats.obj
 0001:00056147       ?UDStats_RemovePlayerBoxes@@YAXXZ 00457147 f   UDStats.obj
 0001:0005620a       ?UDStats_PositionDeedOwned@@YAXPAU_LOCATION_TAG_@@HH@Z 0045720a f   UDStats.obj
 0001:00056331       ?UDStats_RepositionDeeds@@YAXPAU_LOCATION_TAG_@@HH@Z 00457331 f   UDStats.obj
 0001:000565a5       ?UDStats_ResetDeedPositions@@YAXPAU_LOCATION_TAG_@@@Z 004575a5 f   UDStats.obj
 0001:00056660       ?UDStats_CountColumns@@YAXPAU_LOCATION_TAG_@@H@Z 00457660 f   UDStats.obj
 0001:00056706       ?UDStats_SortDeedPositions@@YAXPAU_LOCATION_TAG_@@@Z 00457706 f   UDStats.obj
 0001:0005677f       ?UDStats_GetButtonIndex@@YAFPAULE_QUEUE_MessageStruct@@F@Z 0045777f f   UDStats.obj
 0001:00056e06       ?UDStats_DisplayInstructionText@@YAXPAG@Z 00457e06 f   UDStats.obj
 0001:00056ea7       ?UDStats_DisplayResultText@@YAXPAG@Z 00457ea7 f   UDStats.obj
 0001:00056f5e       ?UDStats_DisplayFunctionDescText@@YAXH@Z 00457f5e f   UDStats.obj
 0001:0005700d       ?UDStats_GetCharsFromString@@YAXPAGHHH0@Z 0045800d f   UDStats.obj
 0001:000570c3       ?UDStats_DisplayTokenList@@YAXXZ 004580c3 f   UDStats.obj
 0001:00057246       ?UDStats_RemoveTokenList@@YAXXZ 00458246 f   UDStats.obj
 0001:000572b1       ?UDStats_RemoveFunctionDisplays@@YAXXZ 004582b1 f   UDStats.obj
 0001:000573d2       ?UDStats_ProcessMiscButtonPress@@YAXPAULE_QUEUE_MessageStruct@@@Z 004583d2 f   UDStats.obj
 0001:00057903       ?UDStats_GetFunctionResult@@YAXF@Z 00458903 f   UDStats.obj
 0001:000579d3       ?UDStats_CalculateOdds@@YAXPAG@Z 004589d3 f   UDStats.obj
 0001:00057aa0       ?UDStats_CalculateNetWorth@@YAXPAG@Z 00458aa0 f   UDStats.obj
 0001:00057ad5       ?UDStats_CalculateFutVal2You@@YAXPAG@Z 00458ad5 f   UDStats.obj
 0001:00057bb7       ?UDStats_CalculateFutVal2Other@@YAXPAG@Z 00458bb7 f   UDStats.obj
 0001:00057caa       ?UDStats_CalculateMaxExpense@@YAXPAG@Z 00458caa f   UDStats.obj
 0001:00057e27       ?UDStats_CalculateMaxRevenue@@YAXPAG@Z 00458e27 f   UDStats.obj
 0001:00057ff2       ?UDStats_CalculateMinExpense@@YAXPAG@Z 00458ff2 f   UDStats.obj
 0001:00058156       ?UDStats_CalculateMinRevenue@@YAXPAG@Z 00459156 f   UDStats.obj
 0001:00058321       ?UDStats_CalculateCurrentIncome@@YAXPAG@Z 00459321 f   UDStats.obj
 0001:00058374       ?UDStats_CalculatePotentialIncome@@YAXPAG@Z 00459374 f   UDStats.obj
 0001:000583a9       ?UDStats_DisplayCalculator@@YAXXZ 004593a9 f   UDStats.obj
 0001:000583e4       ?UDStats_RemoveCalculator@@YAXXZ 004593e4 f   UDStats.obj
 0001:0005842e       ?UDStats_InitDeedInfoFloater@@YAXXZ 0045942e f   UDStats.obj
 0001:0005848a       ?UDStats_DisplayCalcButtons@@YAXXZ 0045948a f   UDStats.obj
 0001:000584d3       ?UDStats_RemoveCalcButtons@@YAXXZ 004594d3 f   UDStats.obj
 0001:00058553       ?UDStats_DisplayFunctionButtons@@YAXXZ 00459553 f   UDStats.obj
 0001:0005859c       ?UDStats_RemoveFunctionButtons@@YAXXZ 0045959c f   UDStats.obj
 0001:0005861c       ?UDStats_ReadRollOverFile@@YAXXZ 0045961c f   UDStats.obj
 0001:00058703       ?UDStats_ResetCalculator@@YAXXZ 00459703 f   UDStats.obj
 0001:00058739       ?UDStats_DisplayPopupDeedWindow@@YAXXZ 00459739 f   UDStats.obj
 0001:000588af       ?UDStats_RemovePopupDeedWindow@@YAXXZ 004598af f   UDStats.obj
 0001:000588e9       ?UDStats_PrintStringJustified@@YAHPAGHH@Z 004598e9 f   UDStats.obj
 0001:0005891d       ?UDStats_InitBankStatusScreen@@YAXXZ 0045991d f   UDStats.obj
 0001:00058d74       ?UDStats_DisplayBankStatusScreen@@YAXXZ 00459d74 f   UDStats.obj
 0001:00058da5       ?UDStats_RemoveBankStatusScreen@@YAXXZ 00459da5 f   UDStats.obj
 0001:00058de2       ?UDStats_SortBankByHouses@@YAXXZ 00459de2 f   UDStats.obj
 0001:00059280       ?UDStats_SortBankByProperties@@YAXXZ 0045a280 f   UDStats.obj
 0001:000592dd       ?UDStats_SortBankByLiabilities@@YAXXZ 0045a2dd f   UDStats.obj
 0001:00059432       ?UDStats_SortBankByHistory@@YAXXZ 0045a432 f   UDStats.obj
 0001:00059599       ?UDStats_RemoveSortBankResults@@YAXH@Z 0045a599 f   UDStats.obj
 0001:0005973e       ?UDStats_DisplayBankDeeds@@YAXXZ 0045a73e f   UDStats.obj
 0001:000598c2       ?UDStats_RemoveBankDeeds@@YAXXZ 0045a8c2 f   UDStats.obj
 0001:00059994       ?UDStats_PrintString@@YAHKPAGHHH@Z 0045a994 f   UDStats.obj
 0001:00059ab1       ?UDStats_GetStringHeight@@YAHPAGH@Z 0045aab1 f   UDStats.obj
 0001:00059ba7       ?UDStats_ScrollBankHistory@@YAXH@Z 0045aba7 f   UDStats.obj
 0001:0005a2d3       ?UDStats_DisplayFuturesNImmunities@@YAXHH@Z 0045b2d3 f   UDStats.obj
 0001:0005aba5       ?UDStats_RemoveFuturesNImmunities@@YAXXZ 0045bba5 f   UDStats.obj
 0001:0005ac77       ?UDStats_ScrollFuturesNImmunities@@YAXH@Z 0045bc77 f   UDStats.obj
 0001:0005af70       ?DISPLAY_UDTRADE_Initialize@@YAXXZ 0045bf70 f   UDTrade.obj
 0001:0005b50a       ?DISPLAY_UDTRADE_Destroy@@YAXXZ 0045c50a f   UDTrade.obj
 0001:0005b5f6       ?DISPLAY_UDTRADE_Show@@YAXXZ 0045c5f6 f   UDTrade.obj
 0001:0005b83e       ?UDTRADE_ProcessMessage@@YAXPAULE_QUEUE_MessageStruct@@@Z 0045c83e f   UDTrade.obj
 0001:0005cfef       ?UDTRADE_ProcessMessageToPlayer@@YAXPAURULE_ActionArgumentsStruct@@@Z 0045dfef f   UDTrade.obj
 0001:0005d5a0       ?UDTrade_ClearTrade@@YAXXZ 0045e5a0 f   UDTrade.obj
 0001:0005d613       ?UDTrade_InitPropertyStruct@@YAXXZ 0045e613 f   UDTrade.obj
 0001:0005d69c       ?UDTrade_PositionPropertyOwned@@YAXPAU_LOCATION_TAG_@@HH@Z 0045e69c f   UDTrade.obj
 0001:0005d875       ?UDTrade_RepositionProperties@@YAXPAU_LOCATION_TAG_@@HHH@Z 0045e875 f   UDTrade.obj
 0001:0005d9b0       ?UDTrade_ResetPropertyPositions@@YAXPAU_LOCATION_TAG_@@@Z 0045e9b0 f   UDTrade.obj
 0001:0005da5d       ?UDTrade_CountColumns@@YAXKKPAU_LOCATION_TAG_@@@Z 0045ea5d f   UDTrade.obj
 0001:0005db1a       ?UDTrade_SortPropertyPositions@@YAXPAU_LOCATION_TAG_@@@Z 0045eb1a f   UDTrade.obj
 0001:0005db93       ?UDTrade_InitPlayerSelect@@YAXXZ 0045eb93 f   UDTrade.obj
 0001:0005dbf7       ?UDTrade_DisplayPlayerSelectDlg@@YAXXZ 0045ebf7 f   UDTrade.obj
 0001:0005e1b6       ?UDTrade_RemovePlayerSelectDlg@@YAXXZ 0045f1b6 f   UDTrade.obj
 0001:0005e235       ?UDTrade_ProcessPlayerSelection@@YAXH@Z 0045f235 f   UDTrade.obj
 0001:0005e487       ?UDTrade_InitCashTrade@@YAXXZ 0045f487 f   UDTrade.obj
 0001:0005e4cd       ?UDTrade_DisplayCashTradeDlg@@YAXH@Z 0045f4cd f   UDTrade.obj
 0001:0005e90e       ?UDTrade_RemoveCashTradeDlg@@YAXXZ 0045f90e f   UDTrade.obj
 0001:0005e9a3       ?UDTrade_ProcessCashTrade@@YAXHHH@Z 0045f9a3 f   UDTrade.obj
 0001:0005f673       ?UDTrade_InitFutureTrade@@YAXXZ 00460673 f   UDTrade.obj
 0001:0005f6c3       ?UDTrade_DisplayFutureTradeDlg@@YAXH@Z 004606c3 f   UDTrade.obj
 0001:000600ad       ?UDTrade_RemoveFutureTradeDlg@@YAXXZ 004610ad f   UDTrade.obj
 0001:00060128       ?UDTrade_ProcessFutureTrade@@YAXHHH@Z 00461128 f   UDTrade.obj
 0001:00060fbc       ?UDTrade_InitImmunityTrade@@YAXXZ 00461fbc f   UDTrade.obj
 0001:0006100c       ?UDTrade_DisplayImmunityTradeDlg@@YAXH@Z 0046200c f   UDTrade.obj
 0001:000619f5       ?UDTrade_RemoveImmunityTradeDlg@@YAXXZ 004629f5 f   UDTrade.obj
 0001:00061a70       ?UDTrade_ProcessImmunityTrade@@YAXHHH@Z 00462a70 f   UDTrade.obj
 0001:000628e8       ?UDTrade_MouseinProp@@YAHHH@Z 004638e8 f   UDTrade.obj
 0001:00062c3a       ?UDTrade_MouseinList@@YAHHH@Z 00463c3a f   UDTrade.obj
 0001:00062cc5       ?UDTrade_ProcessEverything@@YAXXZ 00463cc5 f   UDTrade.obj
 0001:0006602b       ?LoadDataFileImage@@YAHHHAAK@Z 0046702b f   UDUtils.obj
 0001:00066078       ?ChangeObjectTransparency@@YAHKH@Z 00467078 f   UDUtils.obj
 0001:000660d5       ?InterpolationAddBezierSegmentSmooth@@YAXPAUObject_3D_Interpolation_data@@HPAU_D3DVECTOR@@1M@Z 004670d5 f   UDUtils.obj
 0001:0006631b       ?InterpolationAddBezierSegment@@YAXPAUObject_3D_Interpolation_data@@HPAU_D3DVECTOR@@111M@Z 0046731b f   UDUtils.obj
 0001:000664f4       ?InterpolationBezierPrimitiveCalc@@YAXMPAU_D3DVECTOR@@0000@Z 004674f4 f   UDUtils.obj
 0001:000665d6       ?InterpolationFX_3DPositionAndOrientation@@YAXPAUObject_3D_Interpolation_data@@@Z 004675d6 f   UDUtils.obj
 0001:00066cb6       ?UDUTILS_CashPlayerCouldRaiseIfNeeded@@YAHE@Z 00467cb6 f   UDUtils.obj
 0001:00066d93       ?UDUTILS_Get_Net_Worth@@YAHE@Z 00467d93 f   UDUtils.obj
 0001:00066e9d       ?UDUTILS_GetModulePath@@YAXPADH@Z 00467e9d f   UDUtils.obj
 0001:00066ecd       ?UDUTILS_LoadBoardTextureSet@@YAHPAVMesh@@ABUBoardTextureSet@@@Z 00467ecd f   UDUtils.obj
 0001:0006725b       ?UDUTILS_Load2DBoardSet@@YAHXZ 0046825b f   UDUtils.obj
 0001:0006737b       ?UDUTILS_FileExists@@YAHPBD@Z 0046837b f   UDUtils.obj
 0001:000673b8       ?UDUTILS_ConvertToShadow@@YAHPAVSurface@@@Z 004683b8 f   UDUtils.obj
 0001:00067af7       ?UDUTILS_GenerateINIFile@@YAHXZ 00468af7 f   UDUtils.obj
 0001:00067c40       ?UDUTILS_ReadINIDisplaySettings@@YAHXZ 00468c40 f   UDUtils.obj
 0001:000680d2       ?UDUTILS_WriteINIDisplaySettings@@YAHXZ 004690d2 f   UDUtils.obj
 0001:000683bb       ?UDUTILS_UpdateSpeedTestCount@@YAHK@Z 004693bb f   UDUtils.obj
 0001:0006842a       ?UDUTILS_SwitchToBoardUSA@@YAXXZ 0046942a f   UDUtils.obj
 0001:00068996       ?UDUTILS_SwitchToBoardEURO@@YAXXZ 00469996 f   UDUtils.obj
 0001:00069e28       ?UDUTILS_RenderSpeedTest@@YAHXZ 0046ae28 f   UDUtils.obj
 0001:0006aa50       ??Z_D3DVECTOR@@QAEAAU0@ABU0@@Z 0046ba50 f i UDUtils.obj
 0001:0006aaa0       ??D@YA?AU_D3DVECTOR@@ABU0@M@Z 0046baa0 f i UDUtils.obj
 0001:0006aae0       ??2@YAPAXIPBDK@Z           0046bae0 f i UDUtils.obj
 0001:0006ab00       ??0Surface@@QAE@XZ         0046bb00 f i UDUtils.obj
 0001:0006ab70       ?Detach@Surface@@QAEPAUIDirectDrawSurface4@@XZ 0046bb70 f i UDUtils.obj
 0001:0006ac10       ?GetSize@Surface@@QBEXAAUtagSIZE@@@Z 0046bc10 f i UDUtils.obj
 0001:0006ac30       ?IsPalettized@Surface@@QAEHXZ 0046bc30 f i UDUtils.obj
 0001:0006ac70       ?ReleaseSurface@Surface@@QAEXPAD0K@Z 0046bc70 f i UDUtils.obj
 0001:0006ad80       ?GetPalette@Surface@@QAEPAUIDirectDrawPalette@@XZ 0046bd80 f i UDUtils.obj
 0001:0006ae40       ?Lock@Surface@@QAEHAAU_DDSURFACEDESC2@@KPAUtagRECT@@PAX@Z 0046be40 f i UDUtils.obj
 0001:0006af10       ?Unlock@Surface@@QAEHPAUtagRECT@@@Z 0046bf10 f i UDUtils.obj
 0001:0006afc0       ??_GSurface@@QAEPAXI@Z     0046bfc0 f i UDUtils.obj
 0001:0006aff0       ??1Surface@@QAE@XZ         0046bff0 f i UDUtils.obj
 0001:0006b040       ?SetColorKey@Surface@@QAEHKAAU_DDCOLORKEY@@@Z 0046c040 f i UDUtils.obj
 0001:0006b0f0       ?Release@TextureID@@QAEHXZ 0046c0f0 f i UDUtils.obj
 0001:0006b150       ??_GTextureID@@QAEPAXI@Z   0046c150 f i UDUtils.obj
 0001:0006b180       ??1TextureID@@QAE@XZ       0046c180 f i UDUtils.obj
 0001:0006b1e0       ?ProjectionMatrix@Matrix@@QAEXMMMM@Z 0046c1e0 f i UDUtils.obj
 0001:0006b2e0       ?Scale@Matrix@@QAEXMMM@Z   0046c2e0 f i UDUtils.obj
 0001:0006b3a0       ?AddViewport@D3DDevice@@QAEHPAUIDirect3DViewport3@@@Z 0046c3a0 f i UDUtils.obj
 0001:0006b460       ?BeginScene@D3DDevice@@QAEHXZ 0046c460 f i UDUtils.obj
 0001:0006b510       ?RemoveViewport@D3DDevice@@QAEHPAUIDirect3DViewport3@@@Z 0046c510 f i UDUtils.obj
 0001:0006b5d0       ?EndScene@D3DDevice@@QAEHXZ 0046c5d0 f i UDUtils.obj
 0001:0006b690       ?GetCurrentViewport@D3DDevice@@QAEPAUIDirect3DViewport3@@XZ 0046c690 f i UDUtils.obj
 0001:0006b750       ?SetCurrentViewport@D3DDevice@@QAEHPAUIDirect3DViewport3@@@Z 0046c750 f i UDUtils.obj
 0001:0006b810       ?GetTransform@D3DDevice@@QAEHW4_D3DTRANSFORMSTATETYPE@@AAU_D3DMATRIX@@@Z 0046c810 f i UDUtils.obj
 0001:0006b8d0       ?SetLightState@D3DDevice@@QAEHW4_D3DLIGHTSTATETYPE@@K@Z 0046c8d0 f i UDUtils.obj
 0001:0006b990       ?SetTransform@D3DDevice@@QAEHW4_D3DTRANSFORMSTATETYPE@@PAU_D3DMATRIX@@@Z 0046c990 f i UDUtils.obj
 0001:0006ba50       ?GetDDrawDriver@pc3D@@SAPAVDDrawDriver@@XZ 0046ca50 f i UDUtils.obj
 0001:0006bac0       ?GetDDrawDriver@DDrawWnd@@QBEPAVDDrawDriver@@XZ 0046cac0 f i UDUtils.obj
 0001:0006bad0       ?FlipDisplay@pc3D@@SAHXZ   0046cad0 f i UDUtils.obj
 0001:0006bb40       _GetWideLocaleConversionStruct 0046cb40 f   Unility.obj
 0001:0006bb7e       _LconvToWideLconv          0046cb7e f   Unility.obj
 0001:0006c082       _WideSzToMultiByteSz       0046d082 f   Unility.obj
 0001:0006c1b5       _MultiByteSzToWideSz       0046d1b5 f   Unility.obj
 0001:0006c321       _ConvertToTempWideSz       0046d321 f   Unility.obj
 0001:0006c34b       _ConvertToTempWideChar     0046d34b f   Unility.obj
 0001:0006c39a       _ConvertTempFromWideSz     0046d39a f   Unility.obj
 0001:0006c3ba       _ConvertTempFromWideChar   0046d3ba f   Unility.obj
 0001:0006c41e       _WideSprintf               0046d41e f   Unility.obj
 0001:0006c466       _WideFprintf               0046d466 f   Unility.obj
 0001:0006c50b       ?MainExtendedInitialization@@YAHXZ 0046d50b f   Userifce.obj
 0001:0006c685       ?ProcessLibraryMessage@@YAXPAULE_QUEUE_MessageStruct@@@Z 0046d685 f   Userifce.obj
 0001:0006caf4       ?UserClickedProperty@@YAXH@Z 0046daf4 f   Userifce.obj
 0001:0006caf9       ?UserClickedButton@@YAXH@Z 0046daf9 f   Userifce.obj
 0001:0006cb15       ?gameQueueLock@@YAXXZ      0046db15 f   Userifce.obj
 0001:0006cb33       ?gameQueueUnLock@@YAXXZ    0046db33 f   Userifce.obj
 0001:0006cb64       ?AdvanceTimeStep@@YAXXZ    0046db64 f   Userifce.obj
 0001:0006cd5d       ?SetCurrentUIPlayerFromPlayerSet@@YAXE@Z 0046dd5d f   Userifce.obj
 0001:0006cdcc       ?SetCurrentUIPlayerFromPlayerNumber@@YAXE@Z 0046ddcc f   Userifce.obj
 0001:0006ce01       ?AnyLocalPlayer@@YAEXZ     0046de01 f   Userifce.obj
 0001:0006ce47       ?AddLocalPlayer@@YAXPAGHHEH@Z 0046de47 f   Userifce.obj
 0001:0006d042       ?InitializeTradeSequence@@YAXXZ 0046e042 f   Userifce.obj
 0001:0006d176       ?DoTokenBlinking@@YAXXZ    0046e176 f   Userifce.obj
 0001:0006d217       ?FormatErrorNotification@@YAXPAURULE_ActionArgumentsStruct@@PAG@Z 0046e217 f   Userifce.obj
 0001:0006d62d       ?DBUG_DisplayInternationalMessage@@YAXKJJJPAG@Z 0046e62d f   Userifce.obj
 0001:0006d744       ?RemoveLocalPlayer@@YAXE@Z 0046e744 f   Userifce.obj
 0001:0006d92a       ?CheckForAcceptingOurNewPlayer@@YAXPAURULE_ActionArgumentsStruct@@@Z 0046e92a f   Userifce.obj
 0001:0006df37       ?LoadGameOrOptions@@YAXH@Z 0046ef37 f   Userifce.obj
 0001:0006e198       ?CopyNewGameOptions@@YAXPAURULE_ActionArgumentsStruct@@@Z 0046f198 f   Userifce.obj
 0001:0006e25d       ?ProcessLeftMouseButtonPress@@YAHIUtagPOINT@@@Z 0046f25d f   Userifce.obj
 0001:0006e267       ?ProcessMessageToPlayer@@YAXPAURULE_ActionArgumentsStruct@@@Z 0046f267 f   Userifce.obj
 0001:0006ec53       ?ProcessPlayersUI@@YAXPAURULE_ActionArgumentsStruct@@@Z 0046fc53 f   Userifce.obj
 0001:0006ec6f       ?CleanUpUserInterface@@YAXXZ 0046fc6f f   Userifce.obj
 0001:0006eda0       _memset                    0046fda0 f   libcmtd:memset.obj
 0001:0006ee00       __fpmath                   0046fe00 f   libcmtd:fpinit.obj
 0001:0006ee30       __fpclear                  0046fe30 f   libcmtd:fpinit.obj
 0001:0006ee40       __cfltcvt_init             0046fe40 f   libcmtd:fpinit.obj
 0001:0006ee90       ___setfflag                0046fe90 f   libcmtd:fpinit.obj
 0001:0006eeac       __ftol                     0046feac f   libcmtd:ftol.obj
 0001:0006eee0       _memcpy                    0046fee0 f   libcmtd:memcpy.obj
 0001:0006f220       _srand                     00470220 f   libcmtd:rand.obj
 0001:0006f230       _rand                      00470230 f   libcmtd:rand.obj
 0001:0006f270       _floor                     00470270 f   libcmtd:floor.obj
 0001:0006f3b0       _ceil                      004703b0 f   libcmtd:ceil.obj
 0001:0006f4f0       __chkstk                   004704f0     libcmtd:chkstk.obj
 0001:0006f4f0       __alloca_probe             004704f0     libcmtd:chkstk.obj
 0001:0006f520       _wcslen                    00470520 f   libcmtd:wcslen.obj
 0001:0006f550       _sprintf                   00470550 f   libcmtd:sprintf.obj
 0001:0006f650       _fclose                    00470650 f   libcmtd:fclose.obj
 0001:0006f6e0       __fclose_lk                004706e0 f   libcmtd:fclose.obj
 0001:0006f7a0       _fprintf                   004707a0 f   libcmtd:fprintf.obj
 0001:0006f870       __fsopen                   00470870 f   libcmtd:fopen.obj
 0001:0006f970       _fopen                     00470970 f   libcmtd:fopen.obj
 0001:0006f990       _wcscat                    00470990 f   libcmtd:wcscat.obj
 0001:0006f9f0       _wcscpy                    004709f0 f   libcmtd:wcscat.obj
 0001:0006fa30       _sscanf                    00470a30 f   libcmtd:sscanf.obj
 0001:0006fb00       _strchr                    00470b00 f   libcmtd:strchr.obj
 0001:0006fb06       ___from_strstr_to_strchr   00470b06     libcmtd:strchr.obj
 0001:0006fbc0       __strupr                   00470bc0 f   libcmtd:strupr.obj
 0001:0006fbc0       _strupr                    00470bc0 f   libcmtd:strupr.obj
 0001:0006fd80       _strlen                    00470d80 f   libcmtd:strlen.obj
 0001:0006fe00       _fgets                     00470e00 f   libcmtd:fgets.obj
 0001:0006ff40       _wcstombs                  00470f40 f   libcmtd:wcstombs.obj
 0001:0006ffc0       __wcstombs_lk              00470fc0 f   libcmtd:wcstombs.obj
 0001:00070320       _strstr                    00471320 f   libcmtd:strstr.obj
 0001:000703a0       _strcpy                    004713a0 f   libcmtd:strcat.obj
 0001:000703b0       _strcat                    004713b0 f   libcmtd:strcat.obj
 0001:00070490       _exp                       00471490 f   libcmtd:87ctran.obj
 0001:0007049a       __CIexp                    0047149a f   libcmtd:87ctran.obj
 0001:000704b0       __CIlog                    004714b0 f   libcmtd:log.obj
 0001:000704c4       _log                       004714c4     libcmtd:log.obj
 0001:00070580       __cinit                    00471580 f   libcmtd:crt0dat.obj
 0001:000705c0       _exit                      004715c0 f   libcmtd:crt0dat.obj
 0001:000705e0       __exit                     004715e0 f   libcmtd:crt0dat.obj
 0001:00070600       __cexit                    00471600 f   libcmtd:crt0dat.obj
 0001:00070620       __c_exit                   00471620 f   libcmtd:crt0dat.obj
 0001:00070730       __lockexit                 00471730 f   libcmtd:crt0dat.obj
 0001:00070740       __unlockexit               00471740 f   libcmtd:crt0dat.obj
 0001:00070780       _mbstowcs                  00471780 f   libcmtd:mbstowcs.obj
 0001:00070800       __mbstowcs_lk              00471800 f   libcmtd:mbstowcs.obj
 0001:000709f0       _strcmp                    004719f0 f   libcmtd:strcmp.obj
 0001:00070a80       _memmove                   00471a80 f   libcmtd:memmove.obj
 0001:00070dc0       _labs                      00471dc0 f   libcmtd:labs.obj
 0001:00070df0       _qsort                     00471df0 f   libcmtd:qsort.obj
 0001:000710f0       _strncpy                   004720f0 f   libcmtd:strncpy.obj
 0001:000711f0       __itow                     004721f0 f   libcmtd:xtow.obj
 0001:00071230       __ltow                     00472230 f   libcmtd:xtow.obj
 0001:00071270       __ultow                    00472270 f   libcmtd:xtow.obj
 0001:000712b0       __i64tow                   004722b0 f   libcmtd:xtow.obj
 0001:000712f0       __ui64tow                  004722f0 f   libcmtd:xtow.obj
 0001:00071330       _wcsncpy                   00472330 f   libcmtd:wcsncpy.obj
 0001:000713b0       _atol                      004723b0 f   libcmtd:atox.obj
 0001:000714b0       _atoi                      004724b0 f   libcmtd:atox.obj
 0001:000714d0       __atoi64                   004724d0 f   libcmtd:atox.obj
 0001:00071600       _memcmp                    00472600 f   libcmtd:memcmp.obj
 0001:000716b0       _wcsstr                    004726b0 f   libcmtd:wcsstr.obj
 0001:00071740       _wcstol                    00472740 f   libcmtd:wcstol.obj
 0001:00071a40       _wcstoul                   00472a40 f   libcmtd:wcstol.obj
 0001:00071a60       _fwrite                    00472a60 f   libcmtd:fwrite.obj
 0001:00071aa0       __fwrite_lk                00472aa0 f   libcmtd:fwrite.obj
 0001:00071cc0       _wcsicmp                   00472cc0 f   libcmtd:wcsicmp.obj
 0001:00071cc0       __wcsicmp                  00472cc0 f   libcmtd:wcsicmp.obj
 0001:00071e70       _swprintf                  00472e70 f   libcmtd:swprintf.obj
 0001:00071fc0       _towupper                  00472fc0 f   libcmtd:towupper.obj
 0001:00072070       __towupper_lk              00473070 f   libcmtd:towupper.obj
 0001:00072130       _abort                     00473130 f   libcmtd:abort.obj
 0001:00072160       _signal                    00473160 f   libcmtd:winsig.obj
 0001:00072430       _raise                     00473430 f   libcmtd:winsig.obj
 0001:000726e0       ___fpecode                 004736e0 f   libcmtd:winsig.obj
 0001:000726f0       ___pxcptinfoptrs           004736f0 f   libcmtd:winsig.obj
 0001:00072700       _fabs                      00473700 f   libcmtd:fabs.obj
 0001:00072800       __onexit                   00473800 f   libcmtd:onexit.obj
 0001:000728c0       _atexit                    004738c0 f   libcmtd:onexit.obj
 0001:000728e0       ___onexitinit              004738e0 f   libcmtd:onexit.obj
 0001:00072930       __CIsqrt                   00473930 f   libcmtd:sqrt.obj
 0001:00072944       _sqrt                      00473944     libcmtd:sqrt.obj
 0001:000729f0       __CIcos                    004739f0 f   libcmtd:cos.obj
 0001:00072a04       _cos                       00473a04     libcmtd:cos.obj
 0001:00072aa0       __CIsin                    00473aa0 f   libcmtd:sin.obj
 0001:00072ab4       _sin                       00473ab4     libcmtd:sin.obj
 0001:00072b50       _atan2                     00473b50 f   libcmtd:87ctriga.obj
 0001:00072b5a       __CIatan2                  00473b5a f   libcmtd:87ctriga.obj
 0001:00072b70       _wcscmp                    00473b70 f   libcmtd:wcscmp.obj
 0001:00072be0       __CIasin                   00473be0 f   libcmtd:asin.obj
 0001:00072bf4       _asin                      00473bf4     libcmtd:asin.obj
 0001:00072cb0       _abs                       00473cb0 f   libcmtd:abs.obj
 0001:00072ce0       _malloc                    00473ce0 f   libcmtd:dbgheap.obj
 0001:00072d00       __malloc_dbg               00473d00 f   libcmtd:dbgheap.obj
 0001:00072d30       __nh_malloc                00473d30 f   libcmtd:dbgheap.obj
 0001:00072d50       __nh_malloc_dbg            00473d50 f   libcmtd:dbgheap.obj
 0001:00072db0       __heap_alloc               00473db0 f   libcmtd:dbgheap.obj
 0001:00072dd0       __heap_alloc_dbg           00473dd0 f   libcmtd:dbgheap.obj
 0001:000730f0       _calloc                    004740f0 f   libcmtd:dbgheap.obj
 0001:00073110       __calloc_dbg               00474110 f   libcmtd:dbgheap.obj
 0001:00073170       _realloc                   00474170 f   libcmtd:dbgheap.obj
 0001:00073190       __realloc_dbg              00474190 f   libcmtd:dbgheap.obj
 0001:000736f0       __expand                   004746f0 f   libcmtd:dbgheap.obj
 0001:00073710       __expand_dbg               00474710 f   libcmtd:dbgheap.obj
 0001:00073750       _free                      00474750 f   libcmtd:dbgheap.obj
 0001:00073770       __free_lk                  00474770 f   libcmtd:dbgheap.obj
 0001:00073790       __free_dbg                 00474790 f   libcmtd:dbgheap.obj
 0001:000737c0       __free_dbg_lk              004747c0 f   libcmtd:dbgheap.obj
 0001:00073bb0       __msize                    00474bb0 f   libcmtd:dbgheap.obj
 0001:00073bd0       __msize_dbg                00474bd0 f   libcmtd:dbgheap.obj
 0001:00073d30       __CrtSetBreakAlloc         00474d30 f   libcmtd:dbgheap.obj
 0001:00073d50       __CrtSetDbgBlockType       00474d50 f   libcmtd:dbgheap.obj
 0001:00073df0       __CrtSetAllocHook          00474df0 f   libcmtd:dbgheap.obj
 0001:00073ea0       __CrtCheckMemory           00474ea0 f   libcmtd:dbgheap.obj
 0001:00074210       __CrtSetDbgFlag            00475210 f   libcmtd:dbgheap.obj
 0001:00074240       __CrtDoForAllClientObjects 00475240 f   libcmtd:dbgheap.obj
 0001:000742b0       __CrtIsValidPointer        004752b0 f   libcmtd:dbgheap.obj
 0001:00074300       __CrtIsValidHeapPointer    00475300 f   libcmtd:dbgheap.obj
 0001:00074390       __CrtIsMemoryBlock         00475390 f   libcmtd:dbgheap.obj
 0001:00074480       __CrtSetDumpClient         00475480 f   libcmtd:dbgheap.obj
 0001:000744a0       __CrtMemCheckpoint         004754a0 f   libcmtd:dbgheap.obj
 0001:00074610       __CrtMemDifference         00475610 f   libcmtd:dbgheap.obj
 0001:00074740       __CrtMemDumpAllObjectsSince 00475740 f   libcmtd:dbgheap.obj
 0001:00074b20       __CrtDumpMemoryLeaks       00475b20 f   libcmtd:dbgheap.obj
 0001:00074ba0       __CrtMemDumpStatistics     00475ba0 f   libcmtd:dbgheap.obj
 0001:00074c70       _fread                     00475c70 f   libcmtd:fread.obj
 0001:00074cb0       __fread_lk                 00475cb0 f   libcmtd:fread.obj
 0001:00074e80       _fseek                     00475e80 f   libcmtd:fseek.obj
 0001:00074ef0       __fseek_lk                 00475ef0 f   libcmtd:fseek.obj
 0001:00075020       __wtol                     00476020 f   libcmtd:wtox.obj
 0001:00075050       __wtoi                     00476050 f   libcmtd:wtox.obj
 0001:00075080       __wtoi64                   00476080 f   libcmtd:wtox.obj
 0001:000750b0       __CrtDbgBreak              004760b0 f   libcmtd:dbgrpt.obj
 0001:000750c0       __CrtSetReportMode         004760c0 f   libcmtd:dbgrpt.obj
 0001:00075120       __CrtSetReportFile         00476120 f   libcmtd:dbgrpt.obj
 0001:000751a0       __CrtSetReportHook         004761a0 f   libcmtd:dbgrpt.obj
 0001:000751c0       __CrtDbgReport             004761c0 f   libcmtd:dbgrpt.obj
 0001:00075860       _strrchr                   00476860 f   libcmtd:strrchr.obj
 0001:00075890       _strtol                    00476890 f   libcmtd:strtol.obj
 0001:00075bf0       _strtoul                   00476bf0 f   libcmtd:strtol.obj
 0001:00075c10       __itoa                     00476c10 f   libcmtd:xtoa.obj
 0001:00075d30       __ltoa                     00476d30 f   libcmtd:xtoa.obj
 0001:00075d70       __ultoa                    00476d70 f   libcmtd:xtoa.obj
 0001:00075d90       __i64toa                   00476d90 f   libcmtd:xtoa.obj
 0001:00075ec0       __ui64toa                  00476ec0 f   libcmtd:xtoa.obj
 0001:00075ee0       ?_JumpToContinuation@@YGXPAXPAUEHRegistrationNode@@@Z 00476ee0 f   libcmtd:trnsctrl.obj
 0001:00075f20       ?_CallMemberFunction0@@YGXPAX0@Z 00476f20 f   libcmtd:trnsctrl.obj
 0001:00075f30       ?_CallMemberFunction1@@YGXPAX00@Z 00476f30 f   libcmtd:trnsctrl.obj
 0001:00075f40       ?_CallMemberFunction2@@YGXPAX00H@Z 00476f40 f   libcmtd:trnsctrl.obj
 0001:00075f50       ?_UnwindNestedFrames@@YGXPAUEHRegistrationNode@@PAUEHExceptionRecord@@@Z 00476f50 f   libcmtd:trnsctrl.obj
 0001:00075fb0       ___CxxFrameHandler         00476fb0 f   libcmtd:trnsctrl.obj
 0001:00075ff0       ___CxxLongjmpUnwind@4      00476ff0 f   libcmtd:trnsctrl.obj
 0001:00076020       ?_CallCatchBlock2@@YAPAXPAUEHRegistrationNode@@PBU_s_FuncInfo@@PAXHK@Z 00477020 f   libcmtd:trnsctrl.obj
 0001:000760d0       ?_CallSETranslator@@YAHPAUEHExceptionRecord@@PAUEHRegistrationNode@@PAX2PBU_s_FuncInfo@@H1@Z 004770d0 f   libcmtd:trnsctrl.obj
 0001:00076230       ?_GetRangeOfTrysToCheck@@YAPBU_s_TryBlockMapEntry@@PBU_s_FuncInfo@@HHPAI1@Z 00477230 f   libcmtd:trnsctrl.obj
 0001:000762c0       __global_unwind2           004772c0 f   libcmtd:exsup.obj
 0001:00076302       __local_unwind2            00477302 f   libcmtd:exsup.obj
 0001:0007635a       __NLG_Return2              0047735a     libcmtd:exsup.obj
 0001:0007636a       __abnormal_termination     0047736a f   libcmtd:exsup.obj
 0001:0007638d       __NLG_Notify1              0047738d f   libcmtd:exsup.obj
 0001:00076396       __NLG_Notify               00477396 f   libcmtd:exsup.obj
 0001:000763a9       __NLG_Dispatch             004773a9     libcmtd:exsup.obj
 0001:000763b0       __assert                   004773b0 f   libcmtd:assert.obj
 0001:00076740       _localeconv                00477740 f   libcmtd:lconv.obj
 0001:00076750       _wctomb                    00477750 f   libcmtd:wctomb.obj
 0001:000767d0       __wctomb_lk                004777d0 f   libcmtd:wctomb.obj
 0001:00076870       _mbtowc                    00477870 f   libcmtd:mbtowc.obj
 0001:000768f0       __mbtowc_lk                004778f0 f   libcmtd:mbtowc.obj
 0001:00076a50       _vswprintf                 00477a50 f   libcmtd:vswprint.obj
 0001:00076b90       _fputs                     00477b90 f   libcmtd:fputs.obj
 0001:00076c60       _ftell                     00477c60 f   libcmtd:ftell.obj
 0001:00076cd0       __ftell_lk                 00477cd0 f   libcmtd:ftell.obj
 0001:00076f70       _WinMainCRTStartup         00477f70 f   libcmtd:wincrt0.obj
 0001:000771b0       __amsg_exit                004781b0 f   libcmtd:wincrt0.obj
 0001:00077210       __setdefaultprecision      00478210 f   libcmtd:fp8.obj
 0001:00077230       __ms_p5_test_fdiv          00478230 f   libcmtd:testfdiv.obj
 0001:00077290       __ms_p5_mp_test_fdiv       00478290 f   libcmtd:testfdiv.obj
 0001:000772e0       __forcdecpt                004782e0 f   libcmtd:cvt.obj
 0001:00077390       __cropzeros                00478390 f   libcmtd:cvt.obj
 0001:00077470       __positive                 00478470 f   libcmtd:cvt.obj
 0001:000774a0       __fassign                  004784a0 f   libcmtd:cvt.obj
 0001:000774f0       __cftoe                    004784f0 f   libcmtd:cvt.obj
 0001:000776f0       __cftof                    004786f0 f   libcmtd:cvt.obj
 0001:000778b0       __cftog                    004788b0 f   libcmtd:cvt.obj
 0001:000779a0       __cfltcvt                  004789a0 f   libcmtd:cvt.obj
 0001:00077a30       __mtinit                   00478a30 f   libcmtd:tidtable.obj
 0001:00077ac0       __mtterm                   00478ac0 f   libcmtd:tidtable.obj
 0001:00077af0       __initptd                  00478af0 f   libcmtd:tidtable.obj
 0001:00077b10       __getptd                   00478b10 f   libcmtd:tidtable.obj
 0001:00077bb0       __freeptd                  00478bb0 f   libcmtd:tidtable.obj
 0001:00077cc0       ___threadid                00478cc0 f   libcmtd:tidtable.obj
 0001:00077cd0       ___threadhandle            00478cd0 f   libcmtd:tidtable.obj
 0001:00077ce0       __frnd                     00478ce0 f   libcmtd:frnd.obj
 0001:00077d00       __handle_qnan1             00478d00 f   libcmtd:fpexcept.obj
 0001:00077d60       __handle_qnan2             00478d60 f   libcmtd:fpexcept.obj
 0001:00077dd0       __except1                  00478dd0 f   libcmtd:fpexcept.obj
 0001:00077e90       __except2                  00478e90 f   libcmtd:fpexcept.obj
 0001:00077f60       __raise_exc                00478f60 f   libcmtd:fpexcept.obj
 0001:00078430       __handle_exc               00479430 f   libcmtd:fpexcept.obj
 0001:000787b0       __umatherr                 004797b0 f   libcmtd:fpexcept.obj
 0001:00078850       __set_errno                00479850 f   libcmtd:fpexcept.obj
 0001:000788d0       __errcode                  004798d0 f   libcmtd:fpexcept.obj
 0001:00078950       __set_exp                  00479950 f   libcmtd:util.obj
 0001:00078990       __get_exp                  00479990 f   libcmtd:util.obj
 0001:000789c0       __add_exp                  004799c0 f   libcmtd:util.obj
 0001:00078a00       __set_bexp                 00479a00 f   libcmtd:util.obj
 0001:00078a40       __sptype                   00479a40 f   libcmtd:util.obj
 0001:00078ac0       __decomp                   00479ac0 f   libcmtd:util.obj
 0001:00078c00       __statfp                   00479c00 f   libcmtd:fpctrl.obj
 0001:00078c20       __clrfp                    00479c20 f   libcmtd:fpctrl.obj
 0001:00078c40       __ctrlfp                   00479c40 f   libcmtd:fpctrl.obj
 0001:00078c80       __set_statfp               00479c80 f   libcmtd:fpctrl.obj
 0001:00078d00       __flsbuf                   00479d00 f   libcmtd:_flsbuf.obj
 0001:00078f80       __output                   00479f80 f   libcmtd:output.obj
 0001:00079e20       __mtinitlocks              0047ae20 f   libcmtd:mlock.obj
 0001:00079e60       __mtdeletelocks            0047ae60 f   libcmtd:mlock.obj
 0001:00079f00       __lock                     0047af00 f   libcmtd:mlock.obj
 0001:00079fa0       __unlock                   0047afa0 f   libcmtd:mlock.obj
 0001:00079fc0       __lock_file                0047afc0 f   libcmtd:mlock.obj
 0001:0007a000       __lock_file2               0047b000 f   libcmtd:mlock.obj
 0001:0007a030       __unlock_file              0047b030 f   libcmtd:mlock.obj
 0001:0007a070       __unlock_file2             0047b070 f   libcmtd:mlock.obj
 0001:0007a0a0       __lockerr_exit             0047b0a0 f   libcmtd:mlock.obj
 0001:0007a0c0       __close                    0047b0c0 f   libcmtd:close.obj
 0001:0007a140       __close_lk                 0047b140 f   libcmtd:close.obj
 0001:0007a1f0       __freebuf                  0047b1f0 f   libcmtd:_freebuf.obj
 0001:0007a290       _fflush                    0047b290 f   libcmtd:fflush.obj
 0001:0007a2e0       __fflush_lk                0047b2e0 f   libcmtd:fflush.obj
 0001:0007a330       __flush                    0047b330 f   libcmtd:fflush.obj
 0001:0007a3f0       __flushall                 0047b3f0 f   libcmtd:fflush.obj
 0001:0007a540       __stbuf                    0047b540 f   libcmtd:_sftbuf.obj
 0001:0007a6a0       __ftbuf                    0047b6a0 f   libcmtd:_sftbuf.obj
 0001:0007a740       __openfile                 0047b740 f   libcmtd:_open.obj
 0001:0007aad0       __getstream                0047bad0 f   libcmtd:stream.obj
 0001:0007ac50       __input                    0047bc50 f   libcmtd:input.obj
 0001:0007c160       ___crtLCMapStringW         0047d160 f   libcmtd:aw_map.obj
 0001:0007c470       ___crtLCMapStringA         0047d470 f   libcmtd:aw_map.obj
 0001:0007c790       _setlocale                 0047d790 f   libcmtd:setlocal.obj
 0001:0007ce10       __expandlocale             0047de10 f   libcmtd:setlocal.obj
 0001:0007cfa0       ___init_dummy              0047dfa0 f   libcmtd:setlocal.obj
 0001:0007cfb0       __strcats                  0047dfb0 f   libcmtd:setlocal.obj
 0001:0007d000       ___lc_strtolc              0047e000 f   libcmtd:setlocal.obj
 0001:0007d160       ___lc_lctostr              0047e160 f   libcmtd:setlocal.obj
 0001:0007d1d0       __filbuf                   0047e1d0 f   libcmtd:_filbuf.obj
 0001:0007d3c0       __dosmaperr                0047e3c0 f   libcmtd:dosmap.obj
 0001:0007d460       __errno                    0047e460 f   libcmtd:dosmap.obj
[...]
FIXUPS: 1bfcd 12 12 12 12 12 12 3f 1f 1f 2d 16 66 16 53 14 54 16 4f 16
FIXUPS: 1c2da 1c 1e 14 20 2c 14 16 fffff9a7 12 12 12 12 12 12 12 12 12
FIXUPS: 1bdf9 12 12 12 12 12 12 12 12 12 12 12 12 12 12 12 12 12 12 12
FIXUPS: 1bf61 12 fffffaad 12 12 12 12 12 12 12 12 12 12 12 12 12 12 12
FIXUPS: 1bb40 12 12 12 12 12 12 12 46 1f b4 14 12 12 12 12 fffffaad 12
FIXUPS: 1b804 12 12 12 12 12 12 12 12 12 12 12 12 12 12 12 12 12 12 12
FIXUPS: 1b96c 12 12 12 12 12 12 12 12 12 fffffb92 12 12 12 12 12 12 12
FIXUPS: 1b630 12 12 12 12 12 12 12 12 12 12 12 12 12 12 12 12 12 12 12
FIXUPS: 1b798 12 12 12 fffff9c8 133 21 5 25 14 2e 13 a 2b 41 45 14 12 12
FIXUPS: 1b46e 12 12 12 12 12 12 12 12 12 12 12 12 12 12 12 12 fffff07a
FIXUPS: 1a620 48 13 d6 c 5c 49 76 11 107 28 6d af 64 143 bc c2 40 29 7e
FIXUPS: 1af04 1e 40 17 23 1d 39 72 2d 71 7b ffffea2e a 5 11 8 b 5 12 16
FIXUPS: 19c1c 44 1f1 54 a6 69 200 1c 23 1c 1a 8 58 40 2f 2a 4e 1b 60 15
FIXUPS: 1a4da a0 7b ffffed3d 6d 85 14 4a 14 8c d 8 17 64 c 13e 21 53 50
FIXUPS: 197d1 1b 11 20 1d 125 15 67 17 84 43 4f 75 1a 5 a ffffee2f c2 8
FIXUPS: 18b13 2b a8 14 1e3 14 1b 3c 14 47 26 1c 22 47 1c 27 10f 6d 14 36
FIXUPS: 191bf 14 3f 14 36 16 61 14 38 ffffef5a 10 28 10 28 10 41 10 28
FIXUPS: 18382 1c4 e 2f 15 18 13 f 13 13 f 8 1b 24 1b 1b 3c 35 5c 1b ca
FIXUPS: 1891c 9d fffff336 26 26 c 1d e 17 31 10 23 10 28 10 2c b2 45 10
FIXUPS: 17f8b 10 28 10 2c b6 10 23 10 28 10 28 10 de 10 fffff060 42 13
FIXUPS: 17387 f 10 3d f 10 13 7b 82 2c 8 3a 41 16 fb 8 168 f 10 7c 33 9a
FIXUPS: 179ea 11 47 ea b1 9b d ffffecf8 10 19 3c 70 54 1a 59 bd 4e 12 5e
FIXUPS: 16ca8 60 16 20 26 2a 144 78 8 79 10 41 5e 11e 10 25 10 1f 40 1c
FIXUPS: 2c207 19 10 3d 1f 42 64 91 4e 1c 16 16 12 fffea027 11 87 c 69 36
FIXUPS: 16617 3f 57 1d 1e 33 19 1b 3c e0 5a 83 10 151a5 2c 30 29 10 2e
FIXUPS: 2bbc8 19 31 1a 74 57 15f 3d 36 1f 3b 29 25 20 a4 13 57 20 20 20
FIXUPS: 2c124 18 5a 2a 10 27 fffff2ab 29 1c 8 24 40 2a 2a 17 29 1e c 2b
FIXUPS: 2b656 13b 2b 10 8 1d 33 2f 2c 24 10 10 f0 23 16 13 3c 75 1c fffff2a7
FIXUPS: 2ad9f 1c 10 2c b3 2f 8 a 26 1b 31 13 2a 72 29 74 4a 65 60 4c 65
FIXUPS: 2b2c9 63 e 1c 3d 6b 29 17 1c 26 fffff2c9 1c 16 29 66 e 26 8 d 1c
FIXUPS: 2a88d 1f 2c 1e 23 5d 23 4d 86 1c 28 40 123 28 42 2a 2b 28 19 8
FIXUPS: 2ad3e 2b ffffee4f 31 2b 11 19 2c 2d 8 d 1c 372 8 d 1c 37 8 d 1c
FIXUPS: 2a109 64 3b 15 bb 3d 45 3d 92 5f 9d 2b 25 2c ffffeaf0 28 27 2c
FIXUPS: 290b8 35 26 a 11 30 27 1e 1c 144 25 123 36c 3a 3c 94 30 29 28 60
FIXUPS: 299c4 a 24 1c 28 25 2c d6 ffffed55 8 8f 25 4c 47 26 76 25 c2 28
FIXUPS: 28bc5 3c 25 38 3a 37 2a 3d 4f 17 29 8 37 1a e7 8 f c 25 49 74 fffff33c
FIXUPS: 28352 49 11 9e 28 2f 2f 17 54 26 2c c 24 37 14 8 19 2f 29 49 27
FIXUPS: 28716 27 39 66 1b 2e 1c 21 29 13 fffff41b 10 1d 13 1d 3b 8 5 39
FIXUPS: 27dea 26 1c 41 7a 23 af 32 a1 28 2f 2f 17 28 30 29 4a 25 64 25
FIXUPS: 282ce 26 2c fffff27e 1e 10 25 25 d 2a 2c 6a 81 d 184 55 3d 4e 13
FIXUPS: 27a48 21 17 a 15 25 1c 44 15 7 36 73 62 29 c 31 fffff12b 30 14
FIXUPS: 26e35 e6 51 31 38 3d 27 a 61 1d 16 e a3 41 28 140 1c 72 5d e 4f
FIXUPS: 27487 27 e 8 1c 24 31 4b fffff2c6 8 ab 24 71 10 1c 3e 39 10 17
FIXUPS: 26a67 69 26 15 10 1c 29 1c 33 2d 25 20 8 9 2f 2f 1c 2c 36 19 88
FIXUPS: 264fc 1a 11 4c 1c 3c a 11 1e 2d 5 19 23 1c 21 22 14 8 13 14 f 27
FIXUPS: 2675c 1c d 15 e 28 27 19 8 7 fffff79b 1e 1d 8 16 8 1c 76 1e 15
FIXUPS: 260fc 15 1c 5b 1e 21 8 1d 17 35 d f a 15 1c 30 1e 3a 8 1a 156 47
FIXUPS: 25cb9 a 10 a 1d 8 27 8 1e 8 1d 17 35 15 1c 19 8 a 75 1e 15 1c d
FIXUPS: 25f00 d 19 8 a 10 a 15 1c fffff708 3a 16 3b 9d 38 1a 97 38 3d 28
FIXUPS: 2595c 1a 49 2c 3f 28 23 1a 89 28 1f 24 47 12 2a 26 48 8 17 8 16
FIXUPS: 24e36 5 26 16 5 5 5 67 32 5c 29 42 48 c 20 1c 48 1a 18 e a 1c 5
FIXUPS: 25142 d4 3b 1c 1e9 197 1c 3d 14 ffffeefd 3a 39 1c 1c d 27 17 90
FIXUPS: 24701 24 2c 3f 30 10d 1f 1e 4a 8 4d 23 10 1c 31 ac 21c 3a 24 b1
FIXUPS: 24e19 13 5 ffffeef6 24 c8 21 50 14 d1 3f 77 45 29 1c 84 48 7b 63
FIXUPS: 24263 10 18 36 1c 50 1a 29 2d 45 73 25 1c 31 55 1c ffffe9ec 9a
FIXUPS: 22ff8 1c 81 16 5 5 5 1a3 f3 e6 1a1 ee 14 8 c3 1cc 53 25 2b 1c 31
FIXUPS: 23ab5 1c 18 48 16 4c 13 9d a3 ffffe496 5d 4c d d7 9 1f 23 10 8
FIXUPS: 22377 1c da 34 33 189 23 43 1f9 78 e0 32 1f 64 34 30 93 ea 2b f
FIXUPS: 22ce9 1b9 ffffe420 1c 12a f6 17 1c 2b 17 c9 2d 3f 1e 2a 76 57 67
FIXUPS: 21848 25 48 7b 1c 2c 76 7a 67 b0 261 c0 66 73 51 15c ffffe96c 29
FIXUPS: 20ae9 34 2d 1d 2f d 1a 24 6d a3 1f 22b 5b 3f 8 47 8 84 9f 2c 2f
FIXUPS: 211cf 25 16 13 25 8 21 33 13 fffff1d0 16 a af 16 f 1c 16 a 53 56
FIXUPS: 20662 54 8 48 27 8 10 12 4c 16 a 38 16 a 29 f1 1e 1c 36 cc 11 fffff4e2
FIXUPS: 1ff77 1e 65 33 23 91 81 55 13 66 1c a 5 a 2a 30 23 14 1e f f 2c
FIXUPS: 2037a 12 23 2e 1c 12 23 16 a fffff836 11 11 11 11 11 11 11 11 11
FIXUPS: 1fd2e 11 11 14 11 11 11 11 11 11 11 11 e e e e a b e e e f2 fffff064
FIXUPS: 1f051 3a 66 95 bc 38 40 6c d1 695 15 1e 11 82 11 11 11 11 11 11
FIXUPS: 1fbc9 11 11 11 11 11 11 11 11 11 11 ffffd568 b4 a4 9c c8 3c4 45
FIXUPS: 1d901 35 1ac 92 89 89 34 118 bb 92 42 53 fe 4b 324 5a2 11 83 4e
FIXUPS: 1eb7e 5a 8d d9 13d e6 e987 1a 1a 14d dc b0 1d d4 11 ffffeb30 6e
FIXUPS: 2c8c5 d9 232 11 fffff983 38 46 11 fffffeb1 11 ffff0875 2e 5f 50
FIXUPS: 1ce2c 68 4b 20 62 42 40 1022e 14 28 82 31 26 23 22 1d 26 26 34
FIXUPS: 2d422 26 39 4e 33 3d 12 d0 23 66 30 30 5b 39 38 39 4d 23 23 23
FIXUPS: 3177d 7b 10 45 1c b 97 b b 44 ffffb2b1 18 1b 39 60 13 13 11 4d
FIXUPS: 2cd92 6b 75 6b 128 83 6b 29 31 1f 1c 4f 1b 3c05 cb 2f 3d 37 89
FIXUPS: 3108e be 45 45 101 4a cf d 15e b b b b b b b b b 15 9d 21 a b b
FIXUPS: 316b8 8d ffffed6c 47 a ce b8 82 15 3a 13 2e 73 149 8c d 9d 13 31
FIXUPS: 30b31 29 24 57 1d 5e 11 25 59 1d 5a 14 10 55 18 ffffefa9 1b 2d
FIXUPS: 2fde2 b cb 6e 6d 70 a 1b 2d a b 16 1b 2d a b 28 24 ec 170 1b f
FIXUPS: 303f0 3c 18 11 7 e 21 fffff1ae a b e 1b 2d a b e 1b 2d a b e 1b
FIXUPS: 2f77a a b b 1b 2d a b 24 2b 2d 2d8 d2 62 9e 3e 2b fffff592 74 1b
FIXUPS: 2f3d4 a b 1c a 1b 2d a b 1a a 1b 2d a b 14 a 1b 2d a b 14 a 1b
FIXUPS: 2f5ce a b e 1b fffff9f2 20 1b 2d a b 5d 1b 2d a b 1c a 1b 2d a
FIXUPS: 2f1b8 14 a 1b 2d a b b 1b 2d a b 20 1b 2d a fffff5c4 18f 109 10
FIXUPS: 2eb96 ac 25 25 98 3c 12 c9 1b 2d a b 1c a 1b 2d a b 14 a 1b 2d
FIXUPS: 2ef8b b b 1b 2d a fffff17f b 35 1b 21 a b 3c a 28 a 2b a 2a a 2a
FIXUPS: 2e31c dd 2b 149 54 53 113 54 53 72 16 9 1a 9 1a 9 95ca 4d 4e 50
FIXUPS: 37fa7 4e ac 3c ffff5c27 11 a f a a 1e 19 10 56 11 14 f ad 35 35
FIXUPS: 2dffd 1e 50 65 31 2b 1b 21 928d 4e 50 4d 4e 50 4d 4e 50 4d 4e 50
FIXUPS: 377a1 100 39 60 4e 50 4d 4e 50 4d 4e 50 4d 4e 50 4d 4e 50 4d 4e
FIXUPS: 36de6 19 1f 18 22 26 f e f 18 e f f 1d bd 5d 16 11 d e 5 5 13 a
FIXUPS: 37098 166 1c 1d 29 aa 4e 50 fffff4fc 52 2d 1f 46 24 45 24 29 18
FIXUPS: 36a75 32 4b 2f 1f 27 2d 2d 2d 2d 2d 2d d d 77 14 24 23 16 18 20
FIXUPS: 36dc7 fffff5fe 20 46 24 45 24 29 18 1f 32 4b 2f 1f 27 34 2d 2d
FIXUPS: 366a5 d 2f 30 36 24 2c 36 25 a a 31 19 18 a fffff444 17 21 be 28
FIXUPS: 35dec 20 6f 1e 43 24 13 e 15 30 13 15 ea 44 53 26 8f 2f 7 28 36
FIXUPS: 3627c 3b 36 26 31 55 fffff1bf 8e 33 38 38 f 43 3b 3b 3b 38 38 f
FIXUPS: 35862 9f 41 36 5 a 19 44 6b 105 28 19 13 16 19 7e d 11 18 ffffea4c
FIXUPS: 346fc 31 26 2e f9 b f9 5 41 5 2b 14b 17 10 69 87 95 a9 22 bb 6f
FIXUPS: 34f13 8e 153 6f 38 9a f1 11 154 33 ffffe793 d 27 d 7c d 26 d 7e
FIXUPS: 33dd9 26 d 21d b 47 42 11a 26 8 6d 1a 83 18 21 4c 25 2f 8 91 152
FIXUPS: 345ea cc ffffebe9 e0 5 5 5 2ee f1 7e d4 7 a 22 d 10 1e 7f 8 5 64
FIXUPS: 33a24 a 22 d 10 1e 7f 8 5 7b d 26 d ffffec03 185 af b3 29 23 5
FIXUPS: 32c00 b 3b 36 146 36 79 19 25 26 8 3b 16 3d 40 40 40 40 40 be 20
FIXUPS: 331af 2d 25 93 ffffea8d d 28 36 4a 38 49 46 92 80 39 a 66 a 64
FIXUPS: 3210b 5f 6e d 31 a 46 bd 47 61 6e 118 74 23 64 a f1 db7e ffff16af
FIXUPS: 31a31 a a 15 a 31 13 18 2a d a 12 d 6b 2e 5 2e a a 19 18 a d 4f
FIXUPS: 31ca1 a 1f 19 1b 19 d9f3 7 7 4c 23 21 23 118 316 61 23 23 21 7f
FIXUPS: 3fd63 23 2b 6c 1a4 23 23 30 32 7f 23 23 7d 27 28 64 23 21 ffffefc1
FIXUPS: 3f28a 28 30 7 7 7 4c 23 21 23 17 5f 5 4c 26 28 30 7 7 7 4c 23 21
FIXUPS: 3f5b7 17 5 64 4d 27 28 30 fffff1f9 12 2f 16 14 41 29 10 16 14 16
FIXUPS: 3ea30 37 2b0 53 101 3d 27 188 26 28 34 7 7 48 23 21 23 17 5 5 62
FIXUPS: 3e3c7 1e 2a f 10a 13 2a 13 24 51 27 10 f 15 a2 1e 13 27 14 37 1a
FIXUPS: 3e7ba 32 14 1d 16 14 11 27 1b 25 1a fffff712 14 1e 2a f 39 1a 16
FIXUPS: 3e0d4 10 14 14 1e 2a f f f 28 13 33 14 28 1a 32 27 10 1d 52 46
FIXUPS: 3e379 24 16 fffff84f 3b 10 26 22 20 14 c 2a 1a 13 1c 13 2f 13 37
FIXUPS: 3ddfb 14 51 2a 14 24 14 14 1e 2a f 16 a 52 14 10 fffff7d2 14 14
FIXUPS: 3d7ec 17 22 1c 1b 1e 23 c 16 45 27 11 2a 31 2b 13 f 4f 13 27 14
FIXUPS: 3daa5 1b 33 82 1e 21 24 16 fffff5a7 26 26 2f 23 23 22 c1 8 25 28
FIXUPS: 3d3b2 25 25 3b 2a c 17 c 77 18 10 1b 3c 3f 35 c 12a 29 a 15 a fffff2b5
FIXUPS: 3cab2 14 54 4e 44 7a 14 4b 33 3d 3b 44 6e 14 5b 4d 25 22 23 26
FIXUPS: 3cf53 5b c 65 c 65 c 65 c 4d c ffffe9db 7f 29 29 56 1a 2e 13f 11
FIXUPS: 3be17 54 8 15 18 8 2e4 37 46b 37 ba 26 73 f 11 28 1f 7d 49 28 22
FIXUPS: 3c9c8 14 ffffea7c 15 c d 1a 22 54 54 47 2e 38 33 6f 38 66 d4 2c
FIXUPS: 3b86d 38 25 44 1b 10 1d 33 2f 1d 31 8 6f 50 6c ffffec46 4e 53 5b
FIXUPS: 3a8db 26 149 40 156 32 19b 38 61 8b 45 1e9 1dc 1a 1e 23 14 18 a
FIXUPS: 3b376 17 d c d 28 44 20 c ffffe8cb 1c 16 4d 32 41 23 1b 16 54 31
FIXUPS: 39f38 1c 16 5b 55 1b 16 de 14 3f 2f4 96 154 1a 1d 18 1c 4e 1d 1c
FIXUPS: 3a764 ffffe172 2d 2d 20 d 8b 43 e1 36 109 11 120 1a2 14c 151 ff
FIXUPS: 39435 2f3 127 65 6c 42 38 1f 91 6f 61 ef 1b 16 54 31 8cdc b b 19
FIXUPS: 429e4 21 a b 3a 1b 56 21 a b 45 ffff55da a 5a9 e 9 14 e 9 4e e
FIXUPS: 38774 67 4f e 9 5f 5 96d0 22 23 70 e e 8 3fb 27 35 46 bb 59 c 1b
FIXUPS: 4265b 46 9e 3f 2e 2c 5d 32 13 7 34 21 a b 3d 48 21 ffffeb3c 474
FIXUPS: 4195b 8 1d e 8 f4 11 e4 34 13 a 7 8 4d 3d 25 23 3d 25 36 3d 25
FIXUPS: 41dce 3d 25 51 42 25 28 2b ffffed3f 25 5c 25 61 25 5c 25 79 59
FIXUPS: 40f33 2d 2d 3d 6c 25 3c 16 17 69 42 47 42 5f 5c 68 45 2e 39 54
FIXUPS: 41440 39 ffffefac 3c a2 3b 16 22 64 18 13 1a 13 1a 10 1a 10 18
FIXUPS: 406ae 18 2ca 7 7 7 3e 79 25 3c 5c 54 25 38 16 17 5d8d 4c 41 1f
FIXUPS: 46a75 7b 4c 41 1f 45 7b 4b 41 1f 45 7a 4c 7b 4c 7b 4b ffff9355
FIXUPS: 40305 a 5 5 3f 2a 4a 27 11 11 5be7 8e 60 7a 29 1f 45 7b 4c 41 1f
FIXUPS: 4635d 7b 4b 41 1f 45 7a 4c 41 1f 45 7b 4c 41 1f 45 7b 4b 41 1f
FIXUPS: 4690a ffffecd1 8f 60 7b 4b 41 1f 45 7a 4c 41 1f 45 7b 4c 41 1f
FIXUPS: 45b0c 7b 4b 41 1f 45 7a 4c 41 1f 45 7b 4c 1d 10f ffffebee d 69
FIXUPS: 44c7f 7d 62 1f 33 37 18 98 60 7a 4c 7a 1f 45 7b 4c 39 1a 8f 60
FIXUPS: 45328 4c 84 4b 7a 4c 41 1f 45 ffffefc7 55 1f 3a 1f 55 1f 3a 1f
FIXUPS: 4473d 17 2e 17 2b 17 2b 17 f 11 42 13 13 10 13 4a 1a 76 3a 68 3e
FIXUPS: 44aaf f fffff078 9c e 24 e 26a 2b 20b 17 2a 17 55 1f 3a 1f 55 1f
FIXUPS: 44285 1f 4b 1f 55 1f 3a 1f 55 1f 3a 1f 55 1f 3a ffffeef0 10 40
FIXUPS: 434a5 46 23 4a 14 72 14 14 27 12 21 27 12 28 2b1 d 1a 34 27 26
FIXUPS: 43a2e 16 14 12 25 27 24 24 24 fffff4e5 10 41 10 35 10 35 10 35
FIXUPS: 43137 32 10 49 3b 48 41 13 16 18 14 a 18 14 26 10 10 2b 14 10 59
FIXUPS: 43419 10 fffff789 e a 42 13 14 7e 7 e a 37 5f 13 15 31 b 1d 2d
FIXUPS: 42e2c 2d 10 2a 12 1e 17 1c 42 20 24 13 31 12 a1f2 18 110 d2 a0
FIXUPS: 4d560 15c 4f 1c 1c f 15 9 27 29 6e 24 4f 17 109 17 117 66 b e e
FIXUPS: 4db9b 5f 21 a b ffff4f7b 8f9a 7d 33 33 57 41 85 3c 38 47 96 a 28
FIXUPS: 4bed2 57 44 30 44 35 44 35 44 2c 44 cbd 7e 1d 64 f e1 10 182 ffffe1d8
FIXUPS: 4b386 12 5b 6d e 3c 2c 13 20 18 11 1a 10 20 34 5f 2d 12 22 a 5e
FIXUPS: 4b720 23 3e 7 e3 b0 6e 97 28 21 fffff396 10 4a 26 35 34 15 4a f8
FIXUPS: 4b055 20 18 11 1a 10 21 1b 6f d 2d 12 20 18 11 1a 10 21 34 2a 2d
FIXUPS: 4b2f0 22 fffff36b 22 8e 23 74 35 34 15 4a 2a 1c 10 35 1c 10 4a
FIXUPS: 4a9d7 35 43 32 1c 10 4a 108 77 10 15 17 4a 4a 23 7a fffff3f4 10
FIXUPS: 4a208 21 2a e 2d 13 2a 18 11 1a 10 20 d7 2d 12 22 6f d 2d 12 20
FIXUPS: 4a569 11 1a 10 21 34 2a 1b 2c fffff74d 32 1e 12 19 20 18 11 1a
FIXUPS: 49ea5 20 22 2b 28 12 81 14 20 18 11 1a 10 21 29 23 5d 2a 13 19
FIXUPS: 4a194 18 11 fffff2d1 3d 23 7c 15 4a 4e 2c 68 1c 10 35 1c 10 4a
FIXUPS: 4988a 58 5f 2c 3d 23 58 15 80 2b 2c 3d 2c 34 15 77 11 fffff09f
FIXUPS: 48cf5 b b b b b 2a a b5 32 42 2c b2 15 4a ae 23 48 23 54 2c 68
FIXUPS: 49206 10 35 1c 10 4a 108 58 4a ffffef21 7e 2c 4a 2c 70 55 20 32
FIXUPS: 485cc 69 25 10 7e 8 16 16f 2f 16 88 122 2f 16 88 4e 46 49 45 42
FIXUPS: 48cc7 a e ffffeb38 16 80 44 9c d 10 30 dc 25 4b 13 47 59 12 80
FIXUPS: 47c8f 30 12 8 96 d8 59 8b 65 14a 12 127 55 54 95 26 ffffefe7 a
FIXUPS: 4736f 16 29 18 4b 1b 21 a b 2c 1b 21 a b 2b 1b 21 a b 29 1b 21
FIXUPS: 475ca b 133 50 53 14 29 16 fffff8b2 28 19 d a 31 30 11 d 19 21
FIXUPS: 471cb b e b 1d 21 a b b 1b 21 a b 10 a 7 16 2d 18 d a b8f6 3e4
FIXUPS: 53021 45 13 83 e 14 e 12 b 17 30c ce 55 b8 41 49 b8 27 12 5 20
FIXUPS: 537ff 4c 75 21 a b f ffff36af 11 b7f0 f f f f f f f 2d d 35 14
FIXUPS: 528bf a 5e 8 5b a 16 10 49 29 1c f 7a 69 38 13 31 3a 13 12 ffffddc9
FIXUPS: 509f9 17 b7 1b 17 1b 17 a3 b1 10 15 1f2 2d3 14 f48 153 13f c1 1a
FIXUPS: 524c2 43 13 3f 3d 2d 3e 12d c 50 f f ffffdb3f 2a 19 1d 25 130 1f
FIXUPS: 504d3 14 11 33 38 a d 31 4b 49 19 49 19 49 2a 90 15 15 5c 37 3d
FIXUPS: 5092a 4f 33 1b fffff2b8 f e 37 62 a 11 a e 1b b f 25 c e f 1c 2f
FIXUPS: 4fe53 5 49 16 18 1d 8 2c2 1e 3e 35 19 17 45 ffffde62 3a 25 d 3b
FIXUPS: 4e676 f 15 97 3a 49 3c 24 13 68 8 293 396 560 1f7 1c5 52 2ee 18
FIXUPS: 4fb4c 17 18 1a 42 4a 2a 28 ffffe07c 12 12 12 12 12 12 12 12 12
FIXUPS: 4dda3 12 12 12 12 12 f 51 33 20 49 3d a d6 8 22 d 31 17 1b 3b 18
FIXUPS: 53b6d 7 e a 43 6f 17 19 89 22 13 1c 29 9f 1e 44 5c 62 6d 21 52
FIXUPS: 54036 68 21 11 ffff9b84 11 30 12 12 12 12 dc38 38 dc 38 d7 21 23
FIXUPS: 5bb90 3a 15 4e 2d 50 78 6c 2c 4c 2e 4d 30 21 48 21 1c ffff7aa7
FIXUPS: 53a5c 5e 13 f 16 14 14 764f 24 21 2f 57 21 1b 38 20 71 14 26 6f
FIXUPS: 5b404 29 1f 3d 25 1f 113 28 1e 37 74 21 29 1e 3e 25 20 112 28 fffff1a4
FIXUPS: 5aabc 12 49 15 1c c 21 1b 67 a 4c 12 2f 3b 14 4c 85 24 21 2f 65
FIXUPS: 5aea9 8c 12 54 3b 14 3e 87 21 29 fffff32e 27 2a 31 29 6e 1c d 1b
FIXUPS: 5a58e 34 6f 37 2e 17 46 2e 2a 12 89 61 61 73 5c 28 12 49 15 1c
FIXUPS: 5aa37 21 2d fffff34a 81 26 2a 31 80 118 7e 4b 42 15 1f 15 1e 15
FIXUPS: 5a20f 15 1f 28 a 26 2a 12 24 2a 31 a 2a 1f 2a 22 28 fffff254 d
FIXUPS: 5968c d e d e d e d e f 5 5 5 5 5 5 e 19 23 113 22 23 f 1c 51 2f7
FIXUPS: 59c5d 126 13 19 fffff406 120 41 1b 1e 1a 1b 1a 1d 16 8 5 18 16
FIXUPS: 59414 5 5 5 5 20 26 48 58 28 49 58 28 2e e d e d fffff1f0 d2 e
FIXUPS: 58941 e e e e e 15 c a6 36 11 1b 1a 36 82 2a 36 86 37 6b af 18
FIXUPS: 58e1c 6a 120 41 df 18 6d fffff3be 8 5 c 9 8 5 44 18 42 31 1e 13
FIXUPS: 58671 8 5 10 32 5 5 a 9 13 26 5 32 11 11 47 32 3b 18 fffff9e2 77
FIXUPS: 582df 29 2a 29 1d 14 7a 2c 9 8 f 9 8 5 f 9 8 f 9 8 5 f 9 8 5 c
FIXUPS: 584e7 8 5 c ffffee3e 12 57 f2 44 b8 15b 359 100 12 2c6 26 a 1c
FIXUPS: 57e8a 14 25 23 a 10 21 1e 14 26 29 a 27 1d 14 69 f6 30 ffffe6ea
FIXUPS: 56897 18 1a 13 24 39 28 2d 14 bd 20 106 39 2c 32 72 64 39 2f 32
FIXUPS: 56dfe d5 31 38 3f 9e cf 36 7f 28 15 ffffee73 3c 16 1c 12 1c 27
FIXUPS: 56122 ee 23f bc 61 3d 11 4b 40 87 21 22 24 10 21 16 25 f 11 12
FIXUPS: 567eb 13 21 26 13 fffff3f9 2f 14 24 8 10 13 13 15 13 13 5 13 12
FIXUPS: 55d88 34 7b 80 60 2b a 23 20 22 f 1b 13 13 5 5 15 13 ffffef8b 21
FIXUPS: 55021 13 172 54 15 38 f 17 75 11 187 54 15 38 f 25 57 2d 102 2d
FIXUPS: 55804 22c f8 1b 2f 1b 30 18 30 1e ffffeada 41 1f 18 2b 18 10 1a
FIXUPS: 547f2 1a c fb 16 1b 2e 1d 39 17 1b 22 1c 75 11 172 54 15 38 f 84
FIXUPS: 54efd 4f 5b fffff193 d a a a d a a 8 5 5 40 23 26 1c 22 22 21 46
FIXUPS: 54311 22 46 2a 30 26 7b 17 42 18f 19 22 41 1112a 7e 1e 16 d 18
FIXUPS: 658f4 15c ce b4 f2 91 1e 7c d 1b 18 182 ee e0 118 265 1fd 12e 49
FIXUPS: 66b4a 14f 167 49 d4 c5 fffed14e 10a4b 4a 16 14 12 16 14 2a a f4
FIXUPS: 64dbc 55 33 3e 17 3b 17 1b 36 1d 28 1b 2d f 38c cc d 18 18 150
FIXUPS: 65678 b7 fffff0ae 1b 1e 25 36 25 36 1e 1f a a d 2a 2b a 33 32 21
FIXUPS: 64a41 13 14 14 13 f 12 12 12 12 12 24 1b 1b fffff849 36 1e 1f a
FIXUPS: 64422 d 2a 2b a 17 1b 1b 1d 1f 16 16 16 16 16 28 1f 1f e1 32 21
FIXUPS: 64751 13 14 14 13 24 fffff08e a 13 a 4d a d 479 25 25 20 1f 16
FIXUPS: 63e86 30 2b 29 1f 160 16 195 e 17 17 1c 16 14 12 16 14 4e 36 ffffea71
FIXUPS: 62df1 137 22 82 1e 5e a 18 1c 17 22 a 130 a 102 28 67 2a d 12 129
FIXUPS: 6354b d 12 73 cc 14 a d 115 45 ffffee3e 10 a d 78 21 38 10 a 6f
FIXUPS: 6280c 93 34 32 31 34 d 1b 9 21 a 17 d 32 d 1a 1a 141 c2 63 1e 16
FIXUPS: 61f26 a 13 a 4c a d 65 14 17 13 1d 13 13 3a 20 22 fe a 1b 1c 1d
FIXUPS: 62290 a 65 177 56 13 103 53 13 1b ffffee3c a 137 22 82 1e 5e a
FIXUPS: 61722 1c 17 22 a 130 a 102 28 67 2a d 12 142 49 d 12 73 cd 14 a
FIXUPS: 61daa 112 46 ffffee22 10 a d 78 21 38 10 a 6f 1f 93 34 32 31 34
FIXUPS: 6102f 1b 9 21 a 17 d 32 d 1a 1a 141 c2 63 1e 16 ffffeef5 80 1c
FIXUPS: 60443 80 1c ce 11f 14 17 13 1d 13 13 3a 20 22 fe a 1b 1c 1d 22
FIXUPS: 60951 65 178 56 13 103 53 13 1b ffffe424 20 35 c a 2b 1a 138 a
FIXUPS: 5f33e 2a a f0 5 3ff 35 35 35 2a 1e 1a 19 1a 1db ef ef ef ef ef
FIXUPS: 60115 76 1c ffffe78f 61 16d dc 10c 25 3a 1e a a d 2b a 6a a a d
FIXUPS: 5ee73 a 8 1f 7 a d 82 1a d 15 9 21 73 f4 ffffef47 8 5 6d 17 21
FIXUPS: 5e130 26 b9 28 3f 30 22 12 3b 27 13 33 5f 15 80 dc 37 11 82 d d
FIXUPS: 5e643 d d 27d 2d ffffed0d 9e 120 12f 72 64 59 5a 62 64 58 5b 55
FIXUPS: 5dcad 63 e e e 1c 16 14 12 16 14 2a 4a 5 27 28 4f 10b 64 ffffe57d
FIXUPS: 5c5e1 b8 73 32 72 2b 19 e e e e 13f 33 33 33 33 33 96 5e 5d 5b
FIXUPS: 5ccd1 88 25b ec 41 d7 bf 9e 120 130 ffffeab7 10 75 21 1e d a a
FIXUPS: 5c11c 9 10 75 21 f 1d 1f 1f f a d a a ce 1b1 5 5 5 5 30 28 22 21
FIXUPS: 6c860 b 4b 3f 21 a b 3d 4d 21 a b 3d 48 21 a b b 3f 21 a b d fffef446
FIXUPS: 5bf93 26 14 a d a a 1b 103af 21 a b 43 47 21 a b 40 3a 21 a b 43
FIXUPS: 6c5f5 21 a b 43 47 21 a b 4d 3d 21 a b 46 44 21 fffff651 50 3d
FIXUPS: 6bf55 a b 3b 26 13 27 d 17 9bfeb c b fff64039 21 a b 3b 5d 29 13
FIXUPS: 6c1a3 1e 35 21 11 21 b 14 1a fffff11e b 177 14 53 11 b 5 d8 237
FIXUPS: 6b957 32 11 14 f 12 3b c3 28 c4 9b 63 4c a1 21 a b 3f 4b 21 a b
FIXUPS: 6afa5 12 23 2d a b b 12 21 11 14 1a 14 1f 14 f f b b 7 1d 2d a
FIXUPS: 6b17a f d 61 103 3c b 28 2d fffff787 a b 11 1f 17 2c 80 1c 38 36
FIXUPS: 6acdc a b 11 1f 17 2c 4d 1a 1a f f cd b b d d d d a d fffff895
FIXUPS: 6a7f3 a b 28 d 23 2d a b 40 18 2d a b 14 32 1d 18 26 2d a b 13
FIXUPS: 6aa4a 2d a b 11 1c 1f 18 fffff97e 36 2d a b 23 d 23 2d a b 40 18
FIXUPS: 6a600 a b 14 2f 1d 18 26 2d a b 13 18 2d a b 11 1c 1f fffff69b
FIXUPS: 69e76 a b d0 20 2d a b ea 50 2c 36 2d a b 11 1f 17 2c 7b 32 36
FIXUPS: 6a31e a b 11 1f 17 2c 73 1d fffff2e7 67 12 b1 1f 12 b4 1f 15 5b
FIXUPS: 699cd 106 27 2d a b 15 3e 1d 3a 1a 14 f 28 2d a b c 16 36 a2 a2
FIXUPS: 6922f 47 43 47 47 41 49 14 12 4f 43 1a 3f 17 16 f 28 2d a b d 16
FIXUPS: 695e0 20 2d a b 67 12 20 2d a fffff40f 1f 14 26 14 1f 14 23 14
FIXUPS: 68c14 14 2e 14 11 3d 61 66 66 64 67 66 64 67 63 5d 26 21 14 1b
FIXUPS: 6915d 47 44 fffff308 10 1d 2d a b 2c 13 78 23 bc 2d a b ee 2d a
FIXUPS: 68867 42 1b 55 1b 55 1b 6b 43 a e 15 1d 2b 46 fffff424 1a 70 1d
FIXUPS: 68010 21 76 1d 3e 21 76 1d 3e 21 1e 4d 2d a b a 43 24 15 88 55
FIXUPS: 68436 1d 35 2d a b 17 fffff0ca d 12c 34 56 d 11 17b 35 5c 1b 5e
FIXUPS: 67a23 9 27 33 68 d 17 37 10 17 41 10 2d 35 10 2d 258 37 2d a 54af
FIXUPS: 6d3ed 4b 1d 2b 1e 14 20 11 ffff9b31 11 30 3d cd 21 103 9 31 9 31
FIXUPS: 67300 15c 9 31 9 31 9 79 15 15 15 d 5866 f 36 33 f 36 33 f 36 33
FIXUPS: 6cf7b 36 33 f 36 7b 14 15 1b 3c 44 21 4e c 1b 2b 19 4d 55 59 2a
FIXUPS: 6d3ac 22e5 fa 105 45 16b 37 10 a8 27 2d 21 19 89 1b 8 29 2c 2d
FIXUPS: 6fd17 2c f ffffcdf5 18 13e f 35 33 f 36 33 f 36 235d 1b 32 3d 3d
FIXUPS: 6f22a 17 70 c 11 d 7 a 99 15 7c c0 45 1c c 27 1b 20 a 21 20 11
FIXUPS: 6f62c 18 18 18 8 fffff03b 27 1b 1b 16 f 5d 71 4e 89 a9 23 aa 88
FIXUPS: 6eb34 1a1 1d 1d 48 e0 41 4c 49 6c 10 a0 1a 1e 15 1e 51 35 ffffec1d
FIXUPS: 6dd46 c 10d 58 31 14f 20 1c9 18 a2 13 57 20 20 20 20 18 56 25 10
FIXUPS: 6e488 10 14 10 38 1d 42 61 91 49 15 fffff1fd 13 14 10 13 14 10
FIXUPS: 6d921 14 10 13 14 a 27 d3 15 10 c c c c c c c f2 13 42 46 f f 64
FIXUPS: 6dd28 fffff7cc 11 16 13 13 13 13 12 15 8 1a 13 a 8 10 17 3c 5 1c
FIXUPS: 6d66b 3a 23 e 2a e 24 e 29 e 83 4a 26
